<html>
<body>
<pre>
<h1>µVision Build Log</h1>
<h2>Tool Versions:</h2>
IDE-Version: ¦ÌVision V5.38.0.0
Copyright (C) 2022 ARM Ltd and ARM Germany GmbH. All rights reserved.
License Information: 111 PC-ZZG, 111, LIC=32B1Q-NU0DK-12VLE-57C8W-P81HP-IQFZE
 
Tool Versions:
Toolchain:       MDK-ARM Plus  Version: 5.38.0.0
Toolchain Path:  E:\Keil_v5\ARM\ARMCC\Bin
C Compiler:      Armcc.exe V5.06 update 7 (build 960)
Assembler:       Armasm.exe V5.06 update 7 (build 960)
Linker/Locator:  ArmLink.exe V5.06 update 7 (build 960)
Library Manager: ArmAr.exe V5.06 update 7 (build 960)
Hex Converter:   FromElf.exe V5.06 update 7 (build 960)
CPU DLL:         SARMCM3.DLL V5.38.0.0
Dialog DLL:      DCM.DLL V1.17.5.0
Target DLL:      Segger\JL2CM3.dll V2.99.42.0
Dialog DLL:      TCM.DLL V1.56.4.0
 
<h2>Project:</h2>
D:\Person Project\RT-Thread-Test\Project\STM32F407ZGTx.uvprojx
Project File Date:  09/19/2023

<h2>Output:</h2>
*** Using Compiler 'V5.06 update 7 (build 960)', folder: 'E:\Keil_v5\ARM\ARMCC\Bin'
Rebuild target 'Target 1'
assembling startup_stm32f40_41xxx.s...
compiling components.c...
compiling clock.c...
compiling cpu.c...
compiling idle.c...
compiling system_stm32f4xx.c...
compiling misc.c...
compiling stm32f4xx_usart.c...
compiling stm32f4xx_it.c...
compiling App_Key.c...
compiling stm32f4xx_rcc.c...
compiling bsp_gpio.c...
compiling stm32f4xx_gpio.c...
compiling main.c...
compiling App_Test.c...
compiling bsp_delay.c...
compiling bsp_usart.c...
compiling App_Led.c...
compiling irq.c...
compiling mem.c...
compiling ipc.c...
compiling kservice.c...
compiling memheap.c...
compiling scheduler.c...
compiling slab.c...
compiling object.c...
compiling mempool.c...
assembling context_rvds.S...
compiling thread.c...
compiling timer.c...
compiling cpuport.c...
compiling board.c...
linking...
Program Size: Code=11900 RO-data=736 RW-data=212 ZI-data=18692  
FromELF: creating hex file...
".\Output\STM32F407ZGTx.axf" - 0 Error(s), 0 Warning(s).

<h2>Software Packages used:</h2>

Package Vendor: Keil
                http://www.keil.com/pack/Keil.STM32F4xx_DFP.2.5.0.pack
                Keil.STM32F4xx_DFP.2.5.0
                STMicroelectronics STM32F4 Series Device Support, Drivers and Examples

<h2>Collection of Component include folders:</h2>
  E:/Keil_v5_Arm/Packs/Keil/STM32F4xx_DFP/2.5.0/Drivers/CMSIS/Device/ST/STM32F4xx/Include

<h2>Collection of Component Files used:</h2>
Build Time Elapsed:  00:00:02
</pre>
</body>
</html>
