Component: ARM Compiler 5.06 update 7 (build 960) Tool: armlink [4d3601]

==============================================================================

Section Cross References

    startup_stm32f40_41xxx.o(RESET) refers to startup_stm32f40_41xxx.o(STACK) for __initial_sp
    startup_stm32f40_41xxx.o(RESET) refers to startup_stm32f40_41xxx.o(.text) for Reset_Handler
    startup_stm32f40_41xxx.o(RESET) refers to stm32f4xx_it.o(i.NMI_Handler) for NMI_Handler
    startup_stm32f40_41xxx.o(RESET) refers to context_rvds.o(.text) for HardFault_Handler
    startup_stm32f40_41xxx.o(RESET) refers to stm32f4xx_it.o(i.MemManage_Handler) for MemManage_Handler
    startup_stm32f40_41xxx.o(RESET) refers to stm32f4xx_it.o(i.BusFault_Handler) for BusFault_Handler
    startup_stm32f40_41xxx.o(RESET) refers to stm32f4xx_it.o(i.UsageFault_Handler) for UsageFault_Handler
    startup_stm32f40_41xxx.o(RESET) refers to stm32f4xx_it.o(i.DebugMon_Handler) for DebugMon_Handler
    startup_stm32f40_41xxx.o(RESET) refers to board.o(i.SysTick_Handler) for SysTick_Handler
    startup_stm32f40_41xxx.o(RESET) refers to bsp_usart.o(i.USART1_IRQHandler) for USART1_IRQHandler
    startup_stm32f40_41xxx.o(.text) refers to system_stm32f4xx.o(i.SystemInit) for SystemInit
    startup_stm32f40_41xxx.o(.text) refers to entry.o(.ARM.Collect$$$$00000000) for __main
    system_stm32f4xx.o(i.SystemCoreClockUpdate) refers to system_stm32f4xx.o(.data) for SystemCoreClock
    system_stm32f4xx.o(i.SystemInit) refers to system_stm32f4xx.o(i.SetSysClock) for SetSysClock
    stm32f4xx_rcc.o(i.RCC_GetClocksFreq) refers to stm32f4xx_rcc.o(.data) for APBAHBPrescTable
    stm32f4xx_rcc.o(i.RCC_WaitForHSEStartUp) refers to stm32f4xx_rcc.o(i.RCC_GetFlagStatus) for RCC_GetFlagStatus
    stm32f4xx_gpio.o(i.GPIO_DeInit) refers to stm32f4xx_rcc.o(i.RCC_AHB1PeriphResetCmd) for RCC_AHB1PeriphResetCmd
    stm32f4xx_usart.o(i.USART_DeInit) refers to stm32f4xx_rcc.o(i.RCC_APB2PeriphResetCmd) for RCC_APB2PeriphResetCmd
    stm32f4xx_usart.o(i.USART_DeInit) refers to stm32f4xx_rcc.o(i.RCC_APB1PeriphResetCmd) for RCC_APB1PeriphResetCmd
    stm32f4xx_usart.o(i.USART_Init) refers to stm32f4xx_rcc.o(i.RCC_GetClocksFreq) for RCC_GetClocksFreq
    main.o(i.McuDrive_Init) refers to misc.o(i.NVIC_PriorityGroupConfig) for NVIC_PriorityGroupConfig
    main.o(i.McuDrive_Init) refers to bsp_gpio.o(i.bsp_led_gpio_init) for bsp_led_gpio_init
    main.o(i.McuDrive_Init) refers to bsp_gpio.o(i.bsp_beed_gpio_init) for bsp_beed_gpio_init
    main.o(i.McuDrive_Init) refers to bsp_gpio.o(i.bsp_key_gpio_init) for bsp_key_gpio_init
    main.o(i.SystemClock_Config) refers to stm32f4xx_rcc.o(i.RCC_HSEConfig) for RCC_HSEConfig
    main.o(i.SystemClock_Config) refers to stm32f4xx_rcc.o(i.RCC_WaitForHSEStartUp) for RCC_WaitForHSEStartUp
    main.o(i.SystemClock_Config) refers to stm32f4xx_rcc.o(i.RCC_HCLKConfig) for RCC_HCLKConfig
    main.o(i.SystemClock_Config) refers to stm32f4xx_rcc.o(i.RCC_PCLK2Config) for RCC_PCLK2Config
    main.o(i.SystemClock_Config) refers to stm32f4xx_rcc.o(i.RCC_PCLK1Config) for RCC_PCLK1Config
    main.o(i.SystemClock_Config) refers to stm32f4xx_rcc.o(i.RCC_PLLConfig) for RCC_PLLConfig
    main.o(i.SystemClock_Config) refers to stm32f4xx_rcc.o(i.RCC_PLLCmd) for RCC_PLLCmd
    main.o(i.SystemClock_Config) refers to stm32f4xx_rcc.o(i.RCC_GetFlagStatus) for RCC_GetFlagStatus
    main.o(i.SystemClock_Config) refers to stm32f4xx_rcc.o(i.RCC_SYSCLKConfig) for RCC_SYSCLKConfig
    main.o(i.SystemClock_Config) refers to stm32f4xx_rcc.o(i.RCC_GetSYSCLKSource) for RCC_GetSYSCLKSource
    main.o(i.Task_Creat) refers to app_led.o(i.task_appled_creat) for task_appled_creat
    main.o(i.Task_Creat) refers to app_test.o(i.AppTest_CreateTestTask) for AppTest_CreateTestTask
    main.o(i.main) refers to main.o(i.Task_Creat) for Task_Creat
    bsp_gpio.o(i.bsp_beed_gpio_init) refers to stm32f4xx_rcc.o(i.RCC_AHB1PeriphClockCmd) for RCC_AHB1PeriphClockCmd
    bsp_gpio.o(i.bsp_beed_gpio_init) refers to stm32f4xx_gpio.o(i.GPIO_Init) for GPIO_Init
    bsp_gpio.o(i.bsp_beed_gpio_init) refers to stm32f4xx_gpio.o(i.GPIO_ResetBits) for GPIO_ResetBits
    bsp_gpio.o(i.bsp_key_gpio_init) refers to stm32f4xx_rcc.o(i.RCC_AHB1PeriphClockCmd) for RCC_AHB1PeriphClockCmd
    bsp_gpio.o(i.bsp_key_gpio_init) refers to stm32f4xx_gpio.o(i.GPIO_Init) for GPIO_Init
    bsp_gpio.o(i.bsp_led_gpio_init) refers to stm32f4xx_rcc.o(i.RCC_AHB1PeriphClockCmd) for RCC_AHB1PeriphClockCmd
    bsp_gpio.o(i.bsp_led_gpio_init) refers to stm32f4xx_gpio.o(i.GPIO_Init) for GPIO_Init
    bsp_gpio.o(i.bsp_led_gpio_init) refers to stm32f4xx_gpio.o(i.GPIO_SetBits) for GPIO_SetBits
    bsp_usart.o(i.bsp_usart1_SendDt) refers to stm32f4xx_usart.o(i.USART_GetFlagStatus) for USART_GetFlagStatus
    bsp_usart.o(i.bsp_usart1_SendDt) refers to stm32f4xx_usart.o(i.USART_SendData) for USART_SendData
    bsp_usart.o(i.bsp_usart1_init) refers to stm32f4xx_rcc.o(i.RCC_APB2PeriphClockCmd) for RCC_APB2PeriphClockCmd
[...]
    Removing stm32f4xx_rcc.o(.rev16_text), (4 bytes).
    Removing stm32f4xx_rcc.o(.revsh_text), (4 bytes).
    Removing stm32f4xx_rcc.o(i.RCC_AHB1PeriphClockLPModeCmd), (32 bytes).
    Removing stm32f4xx_rcc.o(i.RCC_AHB1PeriphResetCmd), (32 bytes).
    Removing stm32f4xx_rcc.o(i.RCC_AHB2PeriphClockCmd), (32 bytes).
    Removing stm32f4xx_rcc.o(i.RCC_AHB2PeriphClockLPModeCmd), (32 bytes).
    Removing stm32f4xx_rcc.o(i.RCC_AHB2PeriphResetCmd), (32 bytes).
    Removing stm32f4xx_rcc.o(i.RCC_AHB3PeriphClockCmd), (32 bytes).
    Removing stm32f4xx_rcc.o(i.RCC_AHB3PeriphClockLPModeCmd), (32 bytes).
    Removing stm32f4xx_rcc.o(i.RCC_AHB3PeriphResetCmd), (32 bytes).
    Removing stm32f4xx_rcc.o(i.RCC_APB1PeriphClockCmd), (32 bytes).
    Removing stm32f4xx_rcc.o(i.RCC_APB1PeriphClockLPModeCmd), (32 bytes).
    Removing stm32f4xx_rcc.o(i.RCC_APB1PeriphResetCmd), (32 bytes).
    Removing stm32f4xx_rcc.o(i.RCC_APB2PeriphClockLPModeCmd), (32 bytes).
    Removing stm32f4xx_rcc.o(i.RCC_APB2PeriphResetCmd), (32 bytes).
    Removing stm32f4xx_rcc.o(i.RCC_AdjustHSICalibrationValue), (24 bytes).
    Removing stm32f4xx_rcc.o(i.RCC_BackupResetCmd), (12 bytes).
    Removing stm32f4xx_rcc.o(i.RCC_ClearFlag), (20 bytes).
    Removing stm32f4xx_rcc.o(i.RCC_ClearITPendingBit), (12 bytes).
    Removing stm32f4xx_rcc.o(i.RCC_ClockSecuritySystemCmd), (12 bytes).
    Removing stm32f4xx_rcc.o(i.RCC_DeInit), (100 bytes).
    Removing stm32f4xx_rcc.o(i.RCC_GetITStatus), (24 bytes).
    Removing stm32f4xx_rcc.o(i.RCC_HSICmd), (12 bytes).
    Removing stm32f4xx_rcc.o(i.RCC_I2SCLKConfig), (12 bytes).
    Removing stm32f4xx_rcc.o(i.RCC_ITConfig), (32 bytes).
    Removing stm32f4xx_rcc.o(i.RCC_LSEConfig), (44 bytes).
    Removing stm32f4xx_rcc.o(i.RCC_LSEModeConfig), (36 bytes).
    Removing stm32f4xx_rcc.o(i.RCC_LSICmd), (12 bytes).
    Removing stm32f4xx_rcc.o(i.RCC_LTDCCLKDivConfig), (24 bytes).
    Removing stm32f4xx_rcc.o(i.RCC_MCO1Config), (28 bytes).
    Removing stm32f4xx_rcc.o(i.RCC_MCO2Config), (28 bytes).
    Removing stm32f4xx_rcc.o(i.RCC_PLLI2SCmd), (12 bytes).
    Removing stm32f4xx_rcc.o(i.RCC_PLLI2SConfig), (16 bytes).
    Removing stm32f4xx_rcc.o(i.RCC_PLLSAICmd), (12 bytes).
    Removing stm32f4xx_rcc.o(i.RCC_PLLSAIConfig), (24 bytes).
    Removing stm32f4xx_rcc.o(i.RCC_RTCCLKCmd), (12 bytes).
    Removing stm32f4xx_rcc.o(i.RCC_RTCCLKConfig), (60 bytes).
    Removing stm32f4xx_rcc.o(i.RCC_SAIBlockACLKConfig), (24 bytes).
    Removing stm32f4xx_rcc.o(i.RCC_SAIBlockBCLKConfig), (24 bytes).
    Removing stm32f4xx_rcc.o(i.RCC_SAIPLLI2SClkDivConfig), (28 bytes).
    Removing stm32f4xx_rcc.o(i.RCC_SAIPLLSAIClkDivConfig), (28 bytes).
    Removing stm32f4xx_rcc.o(i.RCC_TIMCLKPresConfig), (12 bytes).
    Removing misc.o(.rev16_text), (4 bytes).
    Removing misc.o(.revsh_text), (4 bytes).
    Removing misc.o(i.NVIC_SetVectorTable), (20 bytes).
    Removing misc.o(i.NVIC_SystemLPConfig), (32 bytes).
    Removing misc.o(i.SysTick_CLKSourceConfig), (40 bytes).
    Removing stm32f4xx_gpio.o(.rev16_text), (4 bytes).
    Removing stm32f4xx_gpio.o(.revsh_text), (4 bytes).
    Removing stm32f4xx_gpio.o(i.GPIO_DeInit), (312 bytes).
    Removing stm32f4xx_gpio.o(i.GPIO_PinLockConfig), (34 bytes).
    Removing stm32f4xx_gpio.o(i.GPIO_ReadInputData), (8 bytes).
    Removing stm32f4xx_gpio.o(i.GPIO_ReadOutputData), (8 bytes).
    Removing stm32f4xx_gpio.o(i.GPIO_ReadOutputDataBit), (18 bytes).
    Removing stm32f4xx_gpio.o(i.GPIO_StructInit), (18 bytes).
    Removing stm32f4xx_gpio.o(i.GPIO_ToggleBits), (8 bytes).
    Removing stm32f4xx_gpio.o(i.GPIO_Write), (4 bytes).
    Removing stm32f4xx_gpio.o(i.GPIO_WriteBit), (10 bytes).
    Removing stm32f4xx_usart.o(.rev16_text), (4 bytes).
    Removing stm32f4xx_usart.o(.revsh_text), (4 bytes).
    Removing stm32f4xx_usart.o(i.USART_ClearITPendingBit), (30 bytes).
    Removing stm32f4xx_usart.o(i.USART_ClockInit), (32 bytes).
    Removing stm32f4xx_usart.o(i.USART_ClockStructInit), (12 bytes).
    Removing stm32f4xx_usart.o(i.USART_DMACmd), (18 bytes).
    Removing stm32f4xx_usart.o(i.USART_DeInit), (240 bytes).
    Removing stm32f4xx_usart.o(i.USART_GetITStatus), (84 bytes).
    Removing stm32f4xx_usart.o(i.USART_HalfDuplexCmd), (24 bytes).
    Removing stm32f4xx_usart.o(i.USART_IrDACmd), (24 bytes).
    Removing stm32f4xx_usart.o(i.USART_IrDAConfig), (18 bytes).
    Removing stm32f4xx_usart.o(i.USART_LINBreakDetectLengthConfig), (18 bytes).
    Removing stm32f4xx_usart.o(i.USART_LINCmd), (24 bytes).
    Removing stm32f4xx_usart.o(i.USART_OneBitMethodCmd), (24 bytes).
    Removing stm32f4xx_usart.o(i.USART_OverSampling8Cmd), (22 bytes).
    Removing stm32f4xx_usart.o(i.USART_ReceiveData), (10 bytes).
    Removing stm32f4xx_usart.o(i.USART_ReceiverWakeUpCmd), (24 bytes).
    Removing stm32f4xx_usart.o(i.USART_SendBreak), (10 bytes).
    Removing stm32f4xx_usart.o(i.USART_SetAddress), (18 bytes).
    Removing stm32f4xx_usart.o(i.USART_SetGuardTime), (16 bytes).
    Removing stm32f4xx_usart.o(i.USART_SetPrescaler), (16 bytes).
    Removing stm32f4xx_usart.o(i.USART_SmartCardCmd), (24 bytes).
    Removing stm32f4xx_usart.o(i.USART_SmartCardNACKCmd), (24 bytes).
    Removing stm32f4xx_usart.o(i.USART_StructInit), (24 bytes).
    Removing stm32f4xx_usart.o(i.USART_WakeUpConfig), (18 bytes).
    Removing stm32f4xx_it.o(.rev16_text), (4 bytes).
    Removing stm32f4xx_it.o(.revsh_text), (4 bytes).
    Removing main.o(.rev16_text), (4 bytes).
    Removing main.o(.revsh_text), (4 bytes).
    Removing bsp_delay.o(.rev16_text), (4 bytes).
    Removing bsp_delay.o(.revsh_text), (4 bytes).
    Removing bsp_delay.o(i.delay_nms), (32 bytes).
    Removing bsp_gpio.o(.rev16_text), (4 bytes).
    Removing bsp_gpio.o(.revsh_text), (4 bytes).
    Removing bsp_usart.o(.rev16_text), (4 bytes).
    Removing bsp_usart.o(.revsh_text), (4 bytes).
    Removing bsp_usart.o(i.bsp_usart1_SendDt), (60 bytes).
    Removing app_test.o(.rev16_text), (4 bytes).
    Removing app_test.o(.revsh_text), (4 bytes).
    Removing app_led.o(.rev16_text), (4 bytes).
    Removing app_led.o(.revsh_text), (4 bytes).
    Removing app_key.o(.rev16_text), (4 bytes).
    Removing app_key.o(.revsh_text), (4 bytes).
    Removing app_key.o(i.AppKey_Scanf), (112 bytes).
    Removing app_key.o(i.task_appkey_creat), (208 bytes).
    Removing app_key.o(.data), (5 bytes).
    Removing clock.o(i.rt_system_tick_init), (2 bytes).
    Removing clock.o(i.rt_tick_from_millisecond), (56 bytes).
    Removing clock.o(i.rt_tick_set), (28 bytes).
    Removing idle.o(i.rt_thread_idle_gethandler), (8 bytes).
    Removing ipc.o(i.rt_ipc_list_resume_all), (50 bytes).
    Removing ipc.o(i.rt_mb_control), (66 bytes).
    Removing ipc.o(i.rt_mb_create), (82 bytes).
    Removing ipc.o(i.rt_mb_delete), (36 bytes).
    Removing ipc.o(i.rt_mb_detach), (30 bytes).
    Removing ipc.o(i.rt_mb_init), (62 bytes).
    Removing ipc.o(i.rt_mb_recv), (250 bytes).
    Removing ipc.o(i.rt_mb_send), (18 bytes).
    Removing ipc.o(i.rt_mb_send_wait), (270 bytes).
    Removing ipc.o(i.rt_mq_control), (90 bytes).
    Removing ipc.o(i.rt_mq_delete), (36 bytes).
    Removing ipc.o(i.rt_mq_detach), (30 bytes).
    Removing ipc.o(i.rt_mq_init), (114 bytes).
    Removing ipc.o(i.rt_mq_urgent), (156 bytes).
    Removing ipc.o(i.rt_sem_control), (54 bytes).
    Removing ipc.o(i.rt_sem_create), (42 bytes).
    Removing ipc.o(i.rt_sem_delete), (22 bytes).
    Removing ipc.o(i.rt_sem_detach), (22 bytes).
    Removing ipc.o(i.rt_sem_trytake), (14 bytes).
    Removing irq.o(i.rt_interrupt_get_nest), (28 bytes).
    Removing kservice.o(i._rt_errno), (36 bytes).
    Removing kservice.o(i.rt_free_align), (16 bytes).
    Removing kservice.o(i.rt_get_errno), (36 bytes).
    Removing kservice.o(i.rt_hw_console_output), (2 bytes).
    Removing kservice.o(i.rt_kputs), (18 bytes).
    Removing kservice.o(i.rt_malloc_align), (70 bytes).
    Removing kservice.o(i.rt_memcmp), (38 bytes).
    Removing kservice.o(i.rt_memmove), (66 bytes).
    Removing kservice.o(i.rt_set_errno), (40 bytes).
    Removing kservice.o(i.rt_snprintf), (38 bytes).
    Removing kservice.o(i.rt_sprintf), (34 bytes).
    Removing kservice.o(i.rt_strcasecmp), (48 bytes).
    Removing kservice.o(i.rt_strcmp), (28 bytes).
    Removing kservice.o(i.rt_strdup), (40 bytes).
    Removing kservice.o(i.rt_strlen), (18 bytes).
    Removing kservice.o(i.rt_strncmp), (40 bytes).
    Removing kservice.o(i.rt_strnlen), (24 bytes).
    Removing kservice.o(i.rt_strstr), (58 bytes).
    Removing kservice.o(i.rt_vsprintf), (22 bytes).
    Removing kservice.o(.data), (4 bytes).
    Removing mem.o(i.rt_calloc), (34 bytes).
    Removing mem.o(i.rt_memory_info), (40 bytes).
    Removing mem.o(i.rt_realloc), (312 bytes).
    Removing object.o(i.rt_object_find), (82 bytes).
    Removing object.o(i.rt_object_get_length), (58 bytes).
    Removing object.o(i.rt_object_get_pointers), (86 bytes).
    Removing object.o(i.rt_object_get_type), (10 bytes).
    Removing object.o(i.rt_system_object_init), (2 bytes).
    Removing scheduler.o(i.rt_critical_level), (12 bytes).
    Removing thread.o(i.rt_thread_control), (136 bytes).
    Removing thread.o(i.rt_thread_delay_until), (110 bytes).
    Removing thread.o(i.rt_thread_delete), (88 bytes).
    Removing thread.o(i.rt_thread_detach), (104 bytes).
    Removing thread.o(i.rt_thread_find), (14 bytes).
    Removing thread.o(i.rt_thread_mdelay), (20 bytes).
    Removing timer.o(i.rt_timer_create), (54 bytes).
    Removing timer.o(i.rt_timer_delete), (40 bytes).
    Removing timer.o(i.rt_timer_list_next_timeout), (44 bytes).
    Removing timer.o(i.rt_timer_next_timeout_tick), (16 bytes).
    Removing cpuport.o(i.rt_hw_cpu_reset), (16 bytes).
    Removing cpuport.o(i.rt_hw_cpu_shutdown), (28 bytes).
    Removing cpuport.o(i.rt_hw_exception_install), (12 bytes).
    Removing board.o(.rev16_text), (4 bytes).
    Removing board.o(.revsh_text), (4 bytes).

176 unused section(s) (total 7159 bytes) removed from the image.

==============================================================================

Image Symbol Table

    Local Symbols

    Symbol Name                              Value     Ov Type        Size  Object(Section)

    ../clib/microlib/init/entry.s            0x00000000   Number         0  entry7b.o ABSOLUTE
    ../clib/microlib/init/entry.s            0x00000000   Number         0  entry9b.o ABSOLUTE
    ../clib/microlib/init/entry.s            0x00000000   Number         0  entry8a.o ABSOLUTE
    ../clib/microlib/init/entry.s            0x00000000   Number         0  entry10a.o ABSOLUTE
    ../clib/microlib/init/entry.s            0x00000000   Number         0  entry10b.o ABSOLUTE
    ../clib/microlib/init/entry.s            0x00000000   Number         0  entry2.o ABSOLUTE
    ../clib/microlib/init/entry.s            0x00000000   Number         0  entry11b.o ABSOLUTE
    ../clib/microlib/init/entry.s            0x00000000   Number         0  entry.o ABSOLUTE
    ../clib/microlib/init/entry.s            0x00000000   Number         0  entry12a.o ABSOLUTE
    ../clib/microlib/init/entry.s            0x00000000   Number         0  entry12b.o ABSOLUTE
    ../clib/microlib/init/entry.s            0x00000000   Number         0  entry11a.o ABSOLUTE
    ../clib/microlib/init/entry.s            0x00000000   Number         0  entry5.o ABSOLUTE
    ../clib/microlib/init/entry.s            0x00000000   Number         0  entry7a.o ABSOLUTE
    ../clib/microlib/init/entry.s            0x00000000   Number         0  entry8b.o ABSOLUTE
    ../clib/microlib/init/entry.s            0x00000000   Number         0  entry9a.o ABSOLUTE
    ..\Libraries\CMSIS\startup_stm32f40_41xxx.s 0x00000000   Number         0  startup_stm32f40_41xxx.o ABSOLUTE
    ..\Libraries\CMSIS\system_stm32f4xx.c    0x00000000   Number         0  system_stm32f4xx.o ABSOLUTE
    ..\Libraries\STM32F4xx_StdPeriph_Driver\src\misc.c 0x00000000   Number         0  misc.o ABSOLUTE
    ..\Libraries\STM32F4xx_StdPeriph_Driver\src\stm32f4xx_gpio.c 0x00000000   Number         0  stm32f4xx_gpio.o ABSOLUTE
    ..\Libraries\STM32F4xx_StdPeriph_Driver\src\stm32f4xx_rcc.c 0x00000000   Number         0  stm32f4xx_rcc.o ABSOLUTE
    ..\Libraries\STM32F4xx_StdPeriph_Driver\src\stm32f4xx_usart.c 0x00000000   Number         0  stm32f4xx_usart.o ABSOLUTE
    ..\RTOS\libcpu\arm\cortex-m4\context_rvds.S 0x00000000   Number         0  context_rvds.o ABSOLUTE
    ..\RTOS\libcpu\arm\cortex-m4\cpuport.c   0x00000000   Number         0  cpuport.o ABSOLUTE
    ..\RTOS\src\clock.c                      0x00000000   Number         0  clock.o ABSOLUTE
    ..\RTOS\src\components.c                 0x00000000   Number         0  components.o ABSOLUTE
    ..\RTOS\src\cpu.c                        0x00000000   Number         0  cpu.o ABSOLUTE
    ..\RTOS\src\idle.c                       0x00000000   Number         0  idle.o ABSOLUTE
    ..\RTOS\src\ipc.c                        0x00000000   Number         0  ipc.o ABSOLUTE
    ..\RTOS\src\irq.c                        0x00000000   Number         0  irq.o ABSOLUTE
    ..\RTOS\src\kservice.c                   0x00000000   Number         0  kservice.o ABSOLUTE
    ..\RTOS\src\mem.c                        0x00000000   Number         0  mem.o ABSOLUTE
    ..\RTOS\src\memheap.c                    0x00000000   Number         0  memheap.o ABSOLUTE
    ..\RTOS\src\mempool.c                    0x00000000   Number         0  mempool.o ABSOLUTE
    ..\RTOS\src\object.c                     0x00000000   Number         0  object.o ABSOLUTE
    ..\RTOS\src\scheduler.c                  0x00000000   Number         0  scheduler.o ABSOLUTE
    ..\RTOS\src\slab.c                       0x00000000   Number         0  slab.o ABSOLUTE
    ..\RTOS\src\thread.c                     0x00000000   Number         0  thread.o ABSOLUTE
    ..\RTOS\src\timer.c                      0x00000000   Number         0  timer.o ABSOLUTE
    ..\User\app\App_Key.c                    0x00000000   Number         0  app_key.o ABSOLUTE
    ..\User\app\App_Led.c                    0x00000000   Number         0  app_led.o ABSOLUTE
    ..\User\app\App_Test.c                   0x00000000   Number         0  app_test.o ABSOLUTE
    ..\User\board.c                          0x00000000   Number         0  board.o ABSOLUTE
    ..\User\bsp\bsp_delay.c                  0x00000000   Number         0  bsp_delay.o ABSOLUTE
    ..\User\bsp\bsp_gpio.c                   0x00000000   Number         0  bsp_gpio.o ABSOLUTE
    ..\User\bsp\bsp_usart.c                  0x00000000   Number         0  bsp_usart.o ABSOLUTE
    ..\User\main.c                           0x00000000   Number         0  main.o ABSOLUTE
    ..\User\stm32f4xx_it.c                   0x00000000   Number         0  stm32f4xx_it.o ABSOLUTE
    ..\\Libraries\\CMSIS\\system_stm32f4xx.c 0x00000000   Number         0  system_stm32f4xx.o ABSOLUTE
    ..\\Libraries\\STM32F4xx_StdPeriph_Driver\\src\\misc.c 0x00000000   Number         0  misc.o ABSOLUTE
    ..\\Libraries\\STM32F4xx_StdPeriph_Driver\\src\\stm32f4xx_gpio.c 0x00000000   Number         0  stm32f4xx_gpio.o ABSOLUTE
    ..\\Libraries\\STM32F4xx_StdPeriph_Driver\\src\\stm32f4xx_rcc.c 0x00000000   Number         0  stm32f4xx_rcc.o ABSOLUTE
    ..\\Libraries\\STM32F4xx_StdPeriph_Driver\\src\\stm32f4xx_usart.c 0x00000000   Number         0  stm32f4xx_usart.o ABSOLUTE
    ..\\User\\app\\App_Key.c                 0x00000000   Number         0  app_key.o ABSOLUTE
    ..\\User\\app\\App_Led.c                 0x00000000   Number         0  app_led.o ABSOLUTE
    ..\\User\\app\\App_Test.c                0x00000000   Number         0  app_test.o ABSOLUTE
    ..\\User\\board.c                        0x00000000   Number         0  board.o ABSOLUTE
    ..\\User\\bsp\\bsp_delay.c               0x00000000   Number         0  bsp_delay.o ABSOLUTE
    ..\\User\\bsp\\bsp_gpio.c                0x00000000   Number         0  bsp_gpio.o ABSOLUTE
    ..\\User\\bsp\\bsp_usart.c               0x00000000   Number         0  bsp_usart.o ABSOLUTE
    ..\\User\\main.c                         0x00000000   Number         0  main.o ABSOLUTE
    ..\\User\\stm32f4xx_it.c                 0x00000000   Number         0  stm32f4xx_it.o ABSOLUTE
    dc.s                                     0x00000000   Number         0  dc.o ABSOLUTE
    handlers.s                               0x00000000   Number         0  handlers.o ABSOLUTE
    init.s                                   0x00000000   Number         0  init.o ABSOLUTE
    RESET                                    0x08000000   Section      392  startup_stm32f40_41xxx.o(RESET)
    .ARM.Collect$$$$00000000                 0x08000188   Section        0  entry.o(.ARM.Collect$$$$00000000)
    .ARM.Collect$$$$00000001                 0x08000188   Section        4  entry2.o(.ARM.Collect$$$$00000001)
    .ARM.Collect$$$$00000004                 0x0800018c   Section        4  entry5.o(.ARM.Collect$$$$00000004)
    .ARM.Collect$$$$00000008                 0x08000190   Section        0  entry7b.o(.ARM.Collect$$$$00000008)
    .ARM.Collect$$$$0000000A                 0x08000190   Section        0  entry8b.o(.ARM.Collect$$$$0000000A)
    .ARM.Collect$$$$0000000B                 0x08000190   Section        8  entry9a.o(.ARM.Collect$$$$0000000B)
    .ARM.Collect$$$$0000000E                 0x08000198   Section        4  entry12b.o(.ARM.Collect$$$$0000000E)
    .ARM.Collect$$$$0000000F                 0x0800019c   Section        0  entry10a.o(.ARM.Collect$$$$0000000F)
    .ARM.Collect$$$$00000011                 0x0800019c   Section        0  entry11a.o(.ARM.Collect$$$$00000011)
    .ARM.Collect$$$$00002712                 0x0800019c   Section        4  entry2.o(.ARM.Collect$$$$00002712)
    __lit__00000000                          0x0800019c   Data           4  entry2.o(.ARM.Collect$$$$00002712)
    .text                                    0x080001a0   Section       36  startup_stm32f40_41xxx.o(.text)
    $v0                                      0x080001a0   Number         0  startup_stm32f40_41xxx.o(.text)
    .text                                    0x080001c4   Section      308  context_rvds.o(.text)
    $v0                                      0x080001c4   Number         0  context_rvds.o(.text)
    .text                                    0x080002f8   Section       36  init.o(.text)
    i.$Sub$$main                             0x0800031c   Section        0  components.o(i.$Sub$$main)
    i.AppLed_Blokelight                      0x08000328   Section        0  app_led.o(i.AppLed_Blokelight)
    i.AppTest_CreateTestTask                 0x08000424   Section        0  app_test.o(i.AppTest_CreateTestTask)
    i.AppTest_MqRec                          0x08000614   Section        0  app_test.o(i.AppTest_MqRec)
    i.AppTest_MqSend                         0x0800069c   Section        0  app_test.o(i.AppTest_MqSend)
    i.BusFault_Handler                       0x08000768   Section        0  stm32f4xx_it.o(i.BusFault_Handler)
    i.DebugMon_Handler                       0x0800076c   Section        0  stm32f4xx_it.o(i.DebugMon_Handler)
    i.GPIO_Init                              0x0800076e   Section        0  stm32f4xx_gpio.o(i.GPIO_Init)
    i.GPIO_PinAFConfig                       0x080007fe   Section        0  stm32f4xx_gpio.o(i.GPIO_PinAFConfig)
    i.GPIO_ReadInputDataBit                  0x08000844   Section        0  stm32f4xx_gpio.o(i.GPIO_ReadInputDataBit)
    i.GPIO_ResetBits                         0x08000856   Section        0  stm32f4xx_gpio.o(i.GPIO_ResetBits)
    i.GPIO_SetBits                           0x0800085a   Section        0  stm32f4xx_gpio.o(i.GPIO_SetBits)
    i.McuDrive_Init                          0x0800085e   Section        0  main.o(i.McuDrive_Init)
    i.MemManage_Handler                      0x08000876   Section        0  stm32f4xx_it.o(i.MemManage_Handler)
    i.NMI_Handler                            0x0800087a   Section        0  stm32f4xx_it.o(i.NMI_Handler)
    i.NVIC_Init                              0x0800087c   Section        0  misc.o(i.NVIC_Init)
    i.NVIC_PriorityGroupConfig               0x080008f4   Section        0  misc.o(i.NVIC_PriorityGroupConfig)
    i.RCC_AHB1PeriphClockCmd                 0x08000908   Section        0  stm32f4xx_rcc.o(i.RCC_AHB1PeriphClockCmd)
    i.RCC_APB2PeriphClockCmd                 0x08000928   Section        0  stm32f4xx_rcc.o(i.RCC_APB2PeriphClockCmd)
    i.RCC_GetClocksFreq                      0x08000948   Section        0  stm32f4xx_rcc.o(i.RCC_GetClocksFreq)
    i.RCC_GetFlagStatus                      0x08000a30   Section        0  stm32f4xx_rcc.o(i.RCC_GetFlagStatus)
    i.RCC_GetSYSCLKSource                    0x08000a70   Section        0  stm32f4xx_rcc.o(i.RCC_GetSYSCLKSource)
    i.RCC_HCLKConfig                         0x08000a80   Section        0  stm32f4xx_rcc.o(i.RCC_HCLKConfig)
    i.RCC_HSEConfig                          0x08000a98   Section        0  stm32f4xx_rcc.o(i.RCC_HSEConfig)
    i.RCC_PCLK1Config                        0x08000aa8   Section        0  stm32f4xx_rcc.o(i.RCC_PCLK1Config)
    i.RCC_PCLK2Config                        0x08000ac0   Section        0  stm32f4xx_rcc.o(i.RCC_PCLK2Config)
    i.RCC_PLLCmd                             0x08000ad8   Section        0  stm32f4xx_rcc.o(i.RCC_PLLCmd)
    i.RCC_PLLConfig                          0x08000ae4   Section        0  stm32f4xx_rcc.o(i.RCC_PLLConfig)
    i.RCC_SYSCLKConfig                       0x08000b08   Section        0  stm32f4xx_rcc.o(i.RCC_SYSCLKConfig)
    i.RCC_WaitForHSEStartUp                  0x08000b20   Section        0  stm32f4xx_rcc.o(i.RCC_WaitForHSEStartUp)
    i.SetSysClock                            0x08000b58   Section        0  system_stm32f4xx.o(i.SetSysClock)
    SetSysClock                              0x08000b59   Thumb Code   220  system_stm32f4xx.o(i.SetSysClock)
    i.SysTick_Handler                        0x08000c44   Section        0  board.o(i.SysTick_Handler)
    i.SystemClock_Config                     0x08000c4c   Section        0  main.o(i.SystemClock_Config)
    i.SystemInit                             0x08000cec   Section        0  system_stm32f4xx.o(i.SystemInit)
    i.Task_Creat                             0x08000d54   Section        0  main.o(i.Task_Creat)
    Task_Creat                               0x08000d55   Thumb Code    26  main.o(i.Task_Creat)
    i.USART1_IRQHandler                      0x08000d6e   Section        0  bsp_usart.o(i.USART1_IRQHandler)
    i.USART_ClearFlag                        0x08000d70   Section        0  stm32f4xx_usart.o(i.USART_ClearFlag)
    i.USART_Cmd                              0x08000d82   Section        0  stm32f4xx_usart.o(i.USART_Cmd)
    i.USART_GetFlagStatus                    0x08000d9a   Section        0  stm32f4xx_usart.o(i.USART_GetFlagStatus)
    i.USART_ITConfig                         0x08000db4   Section        0  stm32f4xx_usart.o(i.USART_ITConfig)
    i.USART_Init                             0x08000e00   Section        0  stm32f4xx_usart.o(i.USART_Init)
    i.USART_SendData                         0x08000ed4   Section        0  stm32f4xx_usart.o(i.USART_SendData)
    i.UsageFault_Handler                     0x08000edc   Section        0  stm32f4xx_it.o(i.UsageFault_Handler)
    i.__rt_ffs                               0x08000ee0   Section        0  kservice.o(i.__rt_ffs)
    i.__scatterload_copy                     0x08000f2c   Section       14  handlers.o(i.__scatterload_copy)
    i.__scatterload_null                     0x08000f3a   Section        2  handlers.o(i.__scatterload_null)
    i.__scatterload_zeroinit                 0x08000f3c   Section       14  handlers.o(i.__scatterload_zeroinit)
    i._rt_thread_init                        0x08000f4c   Section        0  thread.o(i._rt_thread_init)
    _rt_thread_init                          0x08000f4d   Thumb Code   124  thread.o(i._rt_thread_init)
    i._rt_timer_init                         0x08000fd0   Section        0  timer.o(i._rt_timer_init)
    _rt_timer_init                           0x08000fd1   Thumb Code    66  timer.o(i._rt_timer_init)
    i._rt_timer_remove                       0x08001012   Section        0  timer.o(i._rt_timer_remove)
    _rt_timer_remove                         0x08001013   Thumb Code    28  timer.o(i._rt_timer_remove)
    i._thread_cleanup_execute                0x0800102e   Section        0  thread.o(i._thread_cleanup_execute)
    _thread_cleanup_execute                  0x0800102f   Thumb Code    28  thread.o(i._thread_cleanup_execute)
    i.bsp_beed_gpio_init                     0x0800104c   Section        0  bsp_gpio.o(i.bsp_beed_gpio_init)
    i.bsp_key_gpio_init                      0x0800108c   Section        0  bsp_gpio.o(i.bsp_key_gpio_init)
    i.bsp_led_gpio_init                      0x080010e4   Section        0  bsp_gpio.o(i.bsp_led_gpio_init)
    i.bsp_usart1_init                        0x08001150   Section        0  bsp_usart.o(i.bsp_usart1_init)
    i.main                                   0x08001210   Section        0  main.o(i.main)
    i.main_thread_entry                      0x0800121a   Section        0  components.o(i.main_thread_entry)
    i.plug_holes                             0x08001228   Section        0  mem.o(i.plug_holes)
    plug_holes                               0x08001229   Thumb Code   108  mem.o(i.plug_holes)
    i.print_number                           0x080012a0   Section        0  kservice.o(i.print_number)
    print_number                             0x080012a1   Thumb Code   400  kservice.o(i.print_number)
    i.rt_application_init                    0x08001438   Section        0  components.o(i.rt_application_init)
    i.rt_components_board_init               0x08001468   Section        0  components.o(i.rt_components_board_init)
    i.rt_components_init                     0x08001484   Section        0  components.o(i.rt_components_init)
    i.rt_enter_critical                      0x080014a0   Section        0  scheduler.o(i.rt_enter_critical)
    i.rt_exit_critical                       0x080014c0   Section        0  scheduler.o(i.rt_exit_critical)
    i.rt_free                                0x08001504   Section        0  mem.o(i.rt_free)
    i.rt_heap_begin_get                      0x080015e4   Section        0  board.o(i.rt_heap_begin_get)
    i.rt_heap_end_get                        0x080015ec   Section        0  board.o(i.rt_heap_end_get)
    i.rt_hw_board_init                       0x080015f4   Section        0  board.o(i.rt_hw_board_init)
    i.rt_hw_console_output                   0x08001688   Section        0  board.o(i.rt_hw_console_output)
    i.rt_hw_hard_fault_exception             0x080016d8   Section        0  cpuport.o(i.rt_hw_hard_fault_exception)
    i.rt_hw_stack_init                       0x080018fc   Section        0  cpuport.o(i.rt_hw_stack_init)
    i.rt_interrupt_enter                     0x0800194c   Section        0  irq.o(i.rt_interrupt_enter)
    i.rt_interrupt_leave                     0x0800196c   Section        0  irq.o(i.rt_interrupt_leave)
    i.rt_ipc_list_resume                     0x0800198c   Section        0  ipc.o(i.rt_ipc_list_resume)
    rt_ipc_list_resume                       0x0800198d   Thumb Code    20  ipc.o(i.rt_ipc_list_resume)
    i.rt_ipc_list_suspend                    0x080019a0   Section        0  ipc.o(i.rt_ipc_list_suspend)
    rt_ipc_list_suspend                      0x080019a1   Thumb Code   110  ipc.o(i.rt_ipc_list_suspend)
    i.rt_ipc_object_init                     0x08001a0e   Section        0  ipc.o(i.rt_ipc_object_init)
    rt_ipc_object_init                       0x08001a0f   Thumb Code    16  ipc.o(i.rt_ipc_object_init)
    i.rt_kprintf                             0x08001a20   Section        0  kservice.o(i.rt_kprintf)
    i.rt_list_init                           0x08001a50   Section        0  ipc.o(i.rt_list_init)
    rt_list_init                             0x08001a51   Thumb Code     6  ipc.o(i.rt_list_init)
    i.rt_list_init                           0x08001a56   Section        0  scheduler.o(i.rt_list_init)
    rt_list_init                             0x08001a57   Thumb Code     6  scheduler.o(i.rt_list_init)
    i.rt_list_init                           0x08001a5c   Section        0  timer.o(i.rt_list_init)
    rt_list_init                             0x08001a5d   Thumb Code     6  timer.o(i.rt_list_init)
    i.rt_list_insert_after                   0x08001a62   Section        0  object.o(i.rt_list_insert_after)
    rt_list_insert_after                     0x08001a63   Thumb Code    14  object.o(i.rt_list_insert_after)
    i.rt_list_insert_after                   0x08001a70   Section        0  thread.o(i.rt_list_insert_after)
    rt_list_insert_after                     0x08001a71   Thumb Code    14  thread.o(i.rt_list_insert_after)
    i.rt_list_insert_after                   0x08001a7e   Section        0  timer.o(i.rt_list_insert_after)
    rt_list_insert_after                     0x08001a7f   Thumb Code    14  timer.o(i.rt_list_insert_after)
    i.rt_list_insert_before                  0x08001a8c   Section        0  ipc.o(i.rt_list_insert_before)
    rt_list_insert_before                    0x08001a8d   Thumb Code    14  ipc.o(i.rt_list_insert_before)
    i.rt_list_isempty                        0x08001a9a   Section        0  ipc.o(i.rt_list_isempty)
    rt_list_isempty                          0x08001a9b   Thumb Code    16  ipc.o(i.rt_list_isempty)
    i.rt_list_isempty                        0x08001aaa   Section        0  timer.o(i.rt_list_isempty)
    rt_list_isempty                          0x08001aab   Thumb Code    16  timer.o(i.rt_list_isempty)
    i.rt_list_remove                         0x08001aba   Section        0  object.o(i.rt_list_remove)
    rt_list_remove                           0x08001abb   Thumb Code    18  object.o(i.rt_list_remove)
    i.rt_list_remove                         0x08001acc   Section        0  thread.o(i.rt_list_remove)
    rt_list_remove                           0x08001acd   Thumb Code    18  thread.o(i.rt_list_remove)
    i.rt_list_remove                         0x08001ade   Section        0  timer.o(i.rt_list_remove)
    rt_list_remove                           0x08001adf   Thumb Code    18  timer.o(i.rt_list_remove)
    i.rt_malloc                              0x08001af0   Section        0  mem.o(i.rt_malloc)
    i.rt_memcpy                              0x08001c5c   Section        0  kservice.o(i.rt_memcpy)
    i.rt_memset                              0x08001cd8   Section        0  kservice.o(i.rt_memset)
    i.rt_mq_create                           0x08001d20   Section        0  ipc.o(i.rt_mq_create)
    i.rt_mq_recv                             0x08001da8   Section        0  ipc.o(i.rt_mq_recv)
    i.rt_mq_send                             0x08001eca   Section        0  ipc.o(i.rt_mq_send)
    i.rt_mq_send_wait                        0x08001ee0   Section        0  ipc.o(i.rt_mq_send_wait)
    i.rt_object_allocate                     0x0800200c   Section        0  object.o(i.rt_object_allocate)
    i.rt_object_delete                       0x08002060   Section        0  object.o(i.rt_object_delete)
    i.rt_object_detach                       0x08002084   Section        0  object.o(i.rt_object_detach)
    i.rt_object_get_information              0x080020a4   Section        0  object.o(i.rt_object_get_information)
    i.rt_object_init                         0x080020cc   Section        0  object.o(i.rt_object_init)
    i.rt_object_is_systemobject              0x08002122   Section        0  object.o(i.rt_object_is_systemobject)
    i.rt_os_tick_callback                    0x08002134   Section        0  board.o(i.rt_os_tick_callback)
    i.rt_schedule                            0x08002144   Section        0  scheduler.o(i.rt_schedule)
    i.rt_schedule_insert_thread              0x080021c8   Section        0  scheduler.o(i.rt_schedule_insert_thread)
    i.rt_schedule_remove_thread              0x08002218   Section        0  scheduler.o(i.rt_schedule_remove_thread)
    i.rt_sem_init                            0x0800226c   Section        0  ipc.o(i.rt_sem_init)
    i.rt_sem_release                         0x08002292   Section        0  ipc.o(i.rt_sem_release)
    i.rt_sem_take                            0x080022e4   Section        0  ipc.o(i.rt_sem_take)
    i.rt_show_version                        0x08002358   Section        0  kservice.o(i.rt_show_version)
    i.rt_strncpy                             0x08002408   Section        0  kservice.o(i.rt_strncpy)
    i.rt_system_heap_init                    0x0800243c   Section        0  mem.o(i.rt_system_heap_init)
    i.rt_system_scheduler_init               0x08002534   Section        0  scheduler.o(i.rt_system_scheduler_init)
    i.rt_system_scheduler_start              0x08002580   Section        0  scheduler.o(i.rt_system_scheduler_start)
    i.rt_system_timer_init                   0x080025b0   Section        0  timer.o(i.rt_system_timer_init)
    i.rt_system_timer_thread_init            0x080025cc   Section        0  timer.o(i.rt_system_timer_thread_init)
    i.rt_thread_create                       0x080025ce   Section        0  thread.o(i.rt_thread_create)
    i.rt_thread_delay                        0x0800261e   Section        0  thread.o(i.rt_thread_delay)
    i.rt_thread_exit                         0x0800262c   Section        0  thread.o(i.rt_thread_exit)
    i.rt_thread_idle_entry                   0x08002684   Section        0  idle.o(i.rt_thread_idle_entry)
    rt_thread_idle_entry                     0x08002685   Thumb Code     8  idle.o(i.rt_thread_idle_entry)
    i.rt_thread_idle_excute                  0x0800268c   Section        0  idle.o(i.rt_thread_idle_excute)
    i.rt_thread_idle_init                    0x080026ec   Section        0  idle.o(i.rt_thread_idle_init)
    i.rt_thread_init                         0x08002728   Section        0  thread.o(i.rt_thread_init)
    i.rt_thread_resume                       0x0800275c   Section        0  thread.o(i.rt_thread_resume)
    i.rt_thread_self                         0x08002798   Section        0  thread.o(i.rt_thread_self)
    i.rt_thread_sleep                        0x080027a4   Section        0  thread.o(i.rt_thread_sleep)
    i.rt_thread_startup                      0x080027e8   Section        0  thread.o(i.rt_thread_startup)
    i.rt_thread_suspend                      0x08002814   Section        0  thread.o(i.rt_thread_suspend)
    i.rt_thread_timeout                      0x08002858   Section        0  thread.o(i.rt_thread_timeout)
    i.rt_thread_yield                        0x08002878   Section        0  thread.o(i.rt_thread_yield)
    i.rt_tick_get                            0x080028dc   Section        0  clock.o(i.rt_tick_get)
    i.rt_tick_increase                       0x080028e8   Section        0  clock.o(i.rt_tick_increase)
    i.rt_timer_check                         0x08002918   Section        0  timer.o(i.rt_timer_check)
    i.rt_timer_control                       0x080029bc   Section        0  timer.o(i.rt_timer_control)
    i.rt_timer_detach                        0x08002a1e   Section        0  timer.o(i.rt_timer_detach)
    i.rt_timer_init                          0x08002a46   Section        0  timer.o(i.rt_timer_init)
    i.rt_timer_start                         0x08002a74   Section        0  timer.o(i.rt_timer_start)
    i.rt_timer_stop                          0x08002b60   Section        0  timer.o(i.rt_timer_stop)
    i.rt_vsnprintf                           0x08002b90   Section        0  kservice.o(i.rt_vsnprintf)
    i.rti_board_end                          0x08002ed0   Section        0  components.o(i.rti_board_end)
    rti_board_end                            0x08002ed1   Thumb Code     4  components.o(i.rti_board_end)
    i.rti_board_start                        0x08002ed4   Section        0  components.o(i.rti_board_start)
    rti_board_start                          0x08002ed5   Thumb Code     4  components.o(i.rti_board_start)
    i.rti_end                                0x08002ed8   Section        0  components.o(i.rti_end)
    rti_end                                  0x08002ed9   Thumb Code     4  components.o(i.rti_end)
    i.rti_start                              0x08002edc   Section        0  components.o(i.rti_start)
    rti_start                                0x08002edd   Thumb Code     4  components.o(i.rti_start)
    i.rtthread_startup                       0x08002ee0   Section        0  components.o(i.rtthread_startup)
    i.skip_atoi                              0x08002f0a   Section        0  kservice.o(i.skip_atoi)
    skip_atoi                                0x08002f0b   Thumb Code    38  kservice.o(i.skip_atoi)
    i.task_appled_creat                      0x08002f30   Section        0  app_led.o(i.task_appled_creat)
    i.uart_init                              0x08003000   Section        0  board.o(i.uart_init)
    uart_init                                0x08003001   Thumb Code     4  board.o(i.uart_init)
    .constdata                               0x08003004   Section      290  kservice.o(.constdata)
    small_digits                             0x08003104   Data          17  kservice.o(.constdata)
    large_digits                             0x08003115   Data          17  kservice.o(.constdata)
    .rti_fn.0                                0x08003128   Section        4  components.o(.rti_fn.0)
    __tagsym$$used                           0x08003128   Number         0  components.o(.rti_fn.0)
    .rti_fn.0.end                            0x0800312c   Section        4  components.o(.rti_fn.0.end)
    __tagsym$$used                           0x0800312c   Number         0  components.o(.rti_fn.0.end)
    .rti_fn.1                                0x08003130   Section        4  board.o(.rti_fn.1)
    __tagsym$$used                           0x08003130   Number         0  board.o(.rti_fn.1)
    .rti_fn.1.end                            0x08003134   Section        4  components.o(.rti_fn.1.end)
    __tagsym$$used                           0x08003134   Number         0  components.o(.rti_fn.1.end)
    .rti_fn.6.end                            0x08003138   Section        4  components.o(.rti_fn.6.end)
    __tagsym$$used                           0x08003138   Number         0  components.o(.rti_fn.6.end)
    .data                                    0x20000000   Section       20  system_stm32f4xx.o(.data)
    .data                                    0x20000014   Section       16  stm32f4xx_rcc.o(.data)
    APBAHBPrescTable                         0x20000014   Data          16  stm32f4xx_rcc.o(.data)
    .data                                    0x20000024   Section        8  app_test.o(.data)
    test_mq                                  0x20000024   Data           4  app_test.o(.data)
    mqval                                    0x20000028   Data           4  app_test.o(.data)
    .data                                    0x2000002c   Section        2  app_led.o(.data)
    direct                                   0x2000002c   Data           1  app_led.o(.data)
    value                                    0x2000002d   Data           1  app_led.o(.data)
    .data                                    0x20000030   Section        4  clock.o(.data)
    rt_tick                                  0x20000030   Data           4  clock.o(.data)
    .data                                    0x20000034   Section        1  irq.o(.data)
    .data                                    0x20000038   Section       24  mem.o(.data)
    heap_ptr                                 0x20000038   Data           4  mem.o(.data)
    heap_end                                 0x2000003c   Data           4  mem.o(.data)
    lfree                                    0x20000040   Data           4  mem.o(.data)
    mem_size_aligned                         0x20000044   Data           4  mem.o(.data)
    used_mem                                 0x20000048   Data           4  mem.o(.data)
    max_mem                                  0x2000004c   Data           4  mem.o(.data)
    .data                                    0x20000050   Section       80  object.o(.data)
    rt_object_container                      0x20000050   Data          80  object.o(.data)
    .data                                    0x200000a0   Section       24  scheduler.o(.data)
    rt_scheduler_lock_nest                   0x200000a4   Data           2  scheduler.o(.data)
    .data                                    0x200000b8   Section       12  timer.o(.data)
    rt_timer_list                            0x200000b8   Data           8  timer.o(.data)
    random_nr                                0x200000c0   Data           4  timer.o(.data)
    .data                                    0x200000c4   Section       16  cpuport.o(.data)
    rt_exception_hook                        0x200000d0   Data           4  cpuport.o(.data)
    .bss                                     0x200000d4   Section      752  app_test.o(.bss)
    MqSend_Stack                             0x200000d4   Data         256  app_test.o(.bss)
    MqRec_Stack                              0x200001d4   Data         256  app_test.o(.bss)
    MqSend_Thread                            0x200002d4   Data         120  app_test.o(.bss)
    MqRec_Thread                             0x2000034c   Data         120  app_test.o(.bss)
    .bss                                     0x200003c4   Section      632  app_led.o(.bss)
    rt_appled_thread_stack                   0x200003c4   Data         512  app_led.o(.bss)
    ledfunc_thread                           0x200005c4   Data         120  app_led.o(.bss)
    .bss                                     0x2000063c   Section      376  idle.o(.bss)
    idle                                     0x2000063c   Data         120  idle.o(.bss)
    rt_thread_stack                          0x200006b4   Data         256  idle.o(.bss)
    .bss                                     0x200007b4   Section      256  kservice.o(.bss)
    rt_log_buf                               0x200007b4   Data         256  kservice.o(.bss)
    .bss                                     0x200008b4   Section       32  mem.o(.bss)
    heap_sem                                 0x200008b4   Data          32  mem.o(.bss)
    .bss                                     0x200008d4   Section      256  scheduler.o(.bss)
    .bss                                     0x200009d4   Section    15360  board.o(.bss)
    rt_heap                                  0x200009d4   Data       15360  board.o(.bss)
    STACK                                    0x200045d8   Section     1024  startup_stm32f40_41xxx.o(STACK)

    Global Symbols

    Symbol Name                              Value     Ov Type        Size  Object(Section)

    BuildAttributes$$THM_ISAv4$E$P$D$K$B$S$7EM$VFPi3$EXTD16$VFPS$VFMA$PE$A:L22UL41UL21$X:L11$S22US41US21$IEEE1$IW$USESV6$~STKCKD$USESV7$~SHL$OSPACE$EBA8$MICROLIB$REQ8$PRES8$EABIv2 0x00000000   Number         0  anon$$obj.o ABSOLUTE
    __ARM_use_no_argv                        0x00000000   Number         0  main.o ABSOLUTE
    __arm_fini_                               - Undefined Weak Reference
    __cpp_initialize__aeabi_                  - Undefined Weak Reference
    __cxa_finalize                            - Undefined Weak Reference
    __decompress                              - Undefined Weak Reference
    _clock_init                               - Undefined Weak Reference
    _microlib_exit                            - Undefined Weak Reference
    __Vectors_Size                           0x00000188   Number         0  startup_stm32f40_41xxx.o ABSOLUTE
    __Vectors                                0x08000000   Data           4  startup_stm32f40_41xxx.o(RESET)
    __Vectors_End                            0x08000188   Data           0  startup_stm32f40_41xxx.o(RESET)
    __main                                   0x08000189   Thumb Code     0  entry.o(.ARM.Collect$$$$00000000)
    _main_stk                                0x08000189   Thumb Code     0  entry2.o(.ARM.Collect$$$$00000001)
    _main_scatterload                        0x0800018d   Thumb Code     0  entry5.o(.ARM.Collect$$$$00000004)
    __main_after_scatterload                 0x08000191   Thumb Code     0  entry5.o(.ARM.Collect$$$$00000004)
    _main_clock                              0x08000191   Thumb Code     0  entry7b.o(.ARM.Collect$$$$00000008)
    _main_cpp_init                           0x08000191   Thumb Code     0  entry8b.o(.ARM.Collect$$$$0000000A)
    _main_init                               0x08000191   Thumb Code     0  entry9a.o(.ARM.Collect$$$$0000000B)
    __rt_lib_shutdown_fini                   0x08000199   Thumb Code     0  entry12b.o(.ARM.Collect$$$$0000000E)
    __rt_final_cpp                           0x0800019d   Thumb Code     0  entry10a.o(.ARM.Collect$$$$0000000F)
    __rt_final_exit                          0x0800019d   Thumb Code     0  entry11a.o(.ARM.Collect$$$$00000011)
    Reset_Handler                            0x080001a1   Thumb Code     8  startup_stm32f40_41xxx.o(.text)
    SVC_Handler                              0x080001b3   Thumb Code     2  startup_stm32f40_41xxx.o(.text)
    ADC_IRQHandler                           0x080001bb   Thumb Code     0  startup_stm32f40_41xxx.o(.text)
    CAN1_RX0_IRQHandler                      0x080001bb   Thumb Code     0  startup_stm32f40_41xxx.o(.text)
    CAN1_RX1_IRQHandler                      0x080001bb   Thumb Code     0  startup_stm32f40_41xxx.o(.text)
    CAN1_SCE_IRQHandler                      0x080001bb   Thumb Code     0  startup_stm32f40_41xxx.o(.text)
    CAN1_TX_IRQHandler                       0x080001bb   Thumb Code     0  startup_stm32f40_41xxx.o(.text)
    CAN2_RX0_IRQHandler                      0x080001bb   Thumb Code     0  startup_stm32f40_41xxx.o(.text)
    CAN2_RX1_IRQHandler                      0x080001bb   Thumb Code     0  startup_stm32f40_41xxx.o(.text)
    CAN2_SCE_IRQHandler                      0x080001bb   Thumb Code     0  startup_stm32f40_41xxx.o(.text)
    CAN2_TX_IRQHandler                       0x080001bb   Thumb Code     0  startup_stm32f40_41xxx.o(.text)
    CRYP_IRQHandler                          0x080001bb   Thumb Code     0  startup_stm32f40_41xxx.o(.text)
    DCMI_IRQHandler                          0x080001bb   Thumb Code     0  startup_stm32f40_41xxx.o(.text)
    DMA1_Stream0_IRQHandler                  0x080001bb   Thumb Code     0  startup_stm32f40_41xxx.o(.text)
    DMA1_Stream1_IRQHandler                  0x080001bb   Thumb Code     0  startup_stm32f40_41xxx.o(.text)
    DMA1_Stream2_IRQHandler                  0x080001bb   Thumb Code     0  startup_stm32f40_41xxx.o(.text)
    DMA1_Stream3_IRQHandler                  0x080001bb   Thumb Code     0  startup_stm32f40_41xxx.o(.text)
    DMA1_Stream4_IRQHandler                  0x080001bb   Thumb Code     0  startup_stm32f40_41xxx.o(.text)
    DMA1_Stream5_IRQHandler                  0x080001bb   Thumb Code     0  startup_stm32f40_41xxx.o(.text)
    DMA1_Stream6_IRQHandler                  0x080001bb   Thumb Code     0  startup_stm32f40_41xxx.o(.text)
    DMA1_Stream7_IRQHandler                  0x080001bb   Thumb Code     0  startup_stm32f40_41xxx.o(.text)
    DMA2_Stream0_IRQHandler                  0x080001bb   Thumb Code     0  startup_stm32f40_41xxx.o(.text)
    DMA2_Stream1_IRQHandler                  0x080001bb   Thumb Code     0  startup_stm32f40_41xxx.o(.text)
    DMA2_Stream2_IRQHandler                  0x080001bb   Thumb Code     0  startup_stm32f40_41xxx.o(.text)
    DMA2_Stream3_IRQHandler                  0x080001bb   Thumb Code     0  startup_stm32f40_41xxx.o(.text)
    DMA2_Stream4_IRQHandler                  0x080001bb   Thumb Code     0  startup_stm32f40_41xxx.o(.text)
    DMA2_Stream5_IRQHandler                  0x080001bb   Thumb Code     0  startup_stm32f40_41xxx.o(.text)
    DMA2_Stream6_IRQHandler                  0x080001bb   Thumb Code     0  startup_stm32f40_41xxx.o(.text)
    DMA2_Stream7_IRQHandler                  0x080001bb   Thumb Code     0  startup_stm32f40_41xxx.o(.text)
    ETH_IRQHandler                           0x080001bb   Thumb Code     0  startup_stm32f40_41xxx.o(.text)
    ETH_WKUP_IRQHandler                      0x080001bb   Thumb Code     0  startup_stm32f40_41xxx.o(.text)
    EXTI0_IRQHandler                         0x080001bb   Thumb Code     0  startup_stm32f40_41xxx.o(.text)
    EXTI15_10_IRQHandler                     0x080001bb   Thumb Code     0  startup_stm32f40_41xxx.o(.text)
    EXTI1_IRQHandler                         0x080001bb   Thumb Code     0  startup_stm32f40_41xxx.o(.text)
    EXTI2_IRQHandler                         0x080001bb   Thumb Code     0  startup_stm32f40_41xxx.o(.text)
    EXTI3_IRQHandler                         0x080001bb   Thumb Code     0  startup_stm32f40_41xxx.o(.text)
    EXTI4_IRQHandler                         0x080001bb   Thumb Code     0  startup_stm32f40_41xxx.o(.text)
    EXTI9_5_IRQHandler                       0x080001bb   Thumb Code     0  startup_stm32f40_41xxx.o(.text)
    FLASH_IRQHandler                         0x080001bb   Thumb Code     0  startup_stm32f40_41xxx.o(.text)
    FPU_IRQHandler                           0x080001bb   Thumb Code     0  startup_stm32f40_41xxx.o(.text)
    FSMC_IRQHandler                          0x080001bb   Thumb Code     0  startup_stm32f40_41xxx.o(.text)
    HASH_RNG_IRQHandler                      0x080001bb   Thumb Code     0  startup_stm32f40_41xxx.o(.text)
    I2C1_ER_IRQHandler                       0x080001bb   Thumb Code     0  startup_stm32f40_41xxx.o(.text)
    I2C1_EV_IRQHandler                       0x080001bb   Thumb Code     0  startup_stm32f40_41xxx.o(.text)
    I2C2_ER_IRQHandler                       0x080001bb   Thumb Code     0  startup_stm32f40_41xxx.o(.text)
    I2C2_EV_IRQHandler                       0x080001bb   Thumb Code     0  startup_stm32f40_41xxx.o(.text)
    I2C3_ER_IRQHandler                       0x080001bb   Thumb Code     0  startup_stm32f40_41xxx.o(.text)
    I2C3_EV_IRQHandler                       0x080001bb   Thumb Code     0  startup_stm32f40_41xxx.o(.text)
    OTG_FS_IRQHandler                        0x080001bb   Thumb Code     0  startup_stm32f40_41xxx.o(.text)
    OTG_FS_WKUP_IRQHandler                   0x080001bb   Thumb Code     0  startup_stm32f40_41xxx.o(.text)
    OTG_HS_EP1_IN_IRQHandler                 0x080001bb   Thumb Code     0  startup_stm32f40_41xxx.o(.text)
    OTG_HS_EP1_OUT_IRQHandler                0x080001bb   Thumb Code     0  startup_stm32f40_41xxx.o(.text)
    OTG_HS_IRQHandler                        0x080001bb   Thumb Code     0  startup_stm32f40_41xxx.o(.text)
    OTG_HS_WKUP_IRQHandler                   0x080001bb   Thumb Code     0  startup_stm32f40_41xxx.o(.text)
    PVD_IRQHandler                           0x080001bb   Thumb Code     0  startup_stm32f40_41xxx.o(.text)
    RCC_IRQHandler                           0x080001bb   Thumb Code     0  startup_stm32f40_41xxx.o(.text)
    RTC_Alarm_IRQHandler                     0x080001bb   Thumb Code     0  startup_stm32f40_41xxx.o(.text)
    RTC_WKUP_IRQHandler                      0x080001bb   Thumb Code     0  startup_stm32f40_41xxx.o(.text)
    SDIO_IRQHandler                          0x080001bb   Thumb Code     0  startup_stm32f40_41xxx.o(.text)
    SPI1_IRQHandler                          0x080001bb   Thumb Code     0  startup_stm32f40_41xxx.o(.text)
    SPI2_IRQHandler                          0x080001bb   Thumb Code     0  startup_stm32f40_41xxx.o(.text)
    SPI3_IRQHandler                          0x080001bb   Thumb Code     0  startup_stm32f40_41xxx.o(.text)
    TAMP_STAMP_IRQHandler                    0x080001bb   Thumb Code     0  startup_stm32f40_41xxx.o(.text)
    TIM1_BRK_TIM9_IRQHandler                 0x080001bb   Thumb Code     0  startup_stm32f40_41xxx.o(.text)
    TIM1_CC_IRQHandler                       0x080001bb   Thumb Code     0  startup_stm32f40_41xxx.o(.text)
    TIM1_TRG_COM_TIM11_IRQHandler            0x080001bb   Thumb Code     0  startup_stm32f40_41xxx.o(.text)
    TIM1_UP_TIM10_IRQHandler                 0x080001bb   Thumb Code     0  startup_stm32f40_41xxx.o(.text)
    TIM2_IRQHandler                          0x080001bb   Thumb Code     0  startup_stm32f40_41xxx.o(.text)
    TIM3_IRQHandler                          0x080001bb   Thumb Code     0  startup_stm32f40_41xxx.o(.text)
    TIM4_IRQHandler                          0x080001bb   Thumb Code     0  startup_stm32f40_41xxx.o(.text)
    TIM5_IRQHandler                          0x080001bb   Thumb Code     0  startup_stm32f40_41xxx.o(.text)
    TIM6_DAC_IRQHandler                      0x080001bb   Thumb Code     0  startup_stm32f40_41xxx.o(.text)
    TIM7_IRQHandler                          0x080001bb   Thumb Code     0  startup_stm32f40_41xxx.o(.text)
    TIM8_BRK_TIM12_IRQHandler                0x080001bb   Thumb Code     0  startup_stm32f40_41xxx.o(.text)
    TIM8_CC_IRQHandler                       0x080001bb   Thumb Code     0  startup_stm32f40_41xxx.o(.text)
    TIM8_TRG_COM_TIM14_IRQHandler            0x080001bb   Thumb Code     0  startup_stm32f40_41xxx.o(.text)
    TIM8_UP_TIM13_IRQHandler                 0x080001bb   Thumb Code     0  startup_stm32f40_41xxx.o(.text)
    UART4_IRQHandler                         0x080001bb   Thumb Code     0  startup_stm32f40_41xxx.o(.text)
    UART5_IRQHandler                         0x080001bb   Thumb Code     0  startup_stm32f40_41xxx.o(.text)
    USART2_IRQHandler                        0x080001bb   Thumb Code     0  startup_stm32f40_41xxx.o(.text)
    USART3_IRQHandler                        0x080001bb   Thumb Code     0  startup_stm32f40_41xxx.o(.text)
    USART6_IRQHandler                        0x080001bb   Thumb Code     0  startup_stm32f40_41xxx.o(.text)
    WWDG_IRQHandler                          0x080001bb   Thumb Code     0  startup_stm32f40_41xxx.o(.text)
    rt_hw_interrupt_disable                  0x080001c5   Thumb Code     8  context_rvds.o(.text)
    rt_hw_interrupt_enable                   0x080001cd   Thumb Code     6  context_rvds.o(.text)
    rt_hw_context_switch                     0x080001d3   Thumb Code    32  context_rvds.o(.text)
    rt_hw_context_switch_interrupt           0x080001d3   Thumb Code     0  context_rvds.o(.text)
    PendSV_Handler                           0x080001f3   Thumb Code   108  context_rvds.o(.text)
    rt_hw_context_switch_to                  0x0800025f   Thumb Code    68  context_rvds.o(.text)
    rt_hw_interrupt_thread_switch            0x080002a3   Thumb Code     2  context_rvds.o(.text)
    HardFault_Handler                        0x080002a5   Thumb Code    56  context_rvds.o(.text)
    __scatterload                            0x080002f9   Thumb Code    28  init.o(.text)
    __scatterload_rt2                        0x080002f9   Thumb Code     0  init.o(.text)
    main                                     0x0800031d   Thumb Code    10  components.o(i.$Sub$$main)
    AppLed_Blokelight                        0x08000329   Thumb Code   206  app_led.o(i.AppLed_Blokelight)
    AppTest_CreateTestTask                   0x08000425   Thumb Code   174  app_test.o(i.AppTest_CreateTestTask)
    AppTest_MqRec                            0x08000615   Thumb Code    70  app_test.o(i.AppTest_MqRec)
    AppTest_MqSend                           0x0800069d   Thumb Code   130  app_test.o(i.AppTest_MqSend)
    BusFault_Handler                         0x08000769   Thumb Code     4  stm32f4xx_it.o(i.BusFault_Handler)
    DebugMon_Handler                         0x0800076d   Thumb Code     2  stm32f4xx_it.o(i.DebugMon_Handler)
    GPIO_Init                                0x0800076f   Thumb Code   144  stm32f4xx_gpio.o(i.GPIO_Init)
    GPIO_PinAFConfig                         0x080007ff   Thumb Code    70  stm32f4xx_gpio.o(i.GPIO_PinAFConfig)
    GPIO_ReadInputDataBit                    0x08000845   Thumb Code    18  stm32f4xx_gpio.o(i.GPIO_ReadInputDataBit)
    GPIO_ResetBits                           0x08000857   Thumb Code     4  stm32f4xx_gpio.o(i.GPIO_ResetBits)
    GPIO_SetBits                             0x0800085b   Thumb Code     4  stm32f4xx_gpio.o(i.GPIO_SetBits)
    McuDrive_Init                            0x0800085f   Thumb Code    24  main.o(i.McuDrive_Init)
    MemManage_Handler                        0x08000877   Thumb Code     4  stm32f4xx_it.o(i.MemManage_Handler)
    NMI_Handler                              0x0800087b   Thumb Code     2  stm32f4xx_it.o(i.NMI_Handler)
    NVIC_Init                                0x0800087d   Thumb Code   106  misc.o(i.NVIC_Init)
    NVIC_PriorityGroupConfig                 0x080008f5   Thumb Code    10  misc.o(i.NVIC_PriorityGroupConfig)
    RCC_AHB1PeriphClockCmd                   0x08000909   Thumb Code    26  stm32f4xx_rcc.o(i.RCC_AHB1PeriphClockCmd)
    RCC_APB2PeriphClockCmd                   0x08000929   Thumb Code    26  stm32f4xx_rcc.o(i.RCC_APB2PeriphClockCmd)
    RCC_GetClocksFreq                        0x08000949   Thumb Code   214  stm32f4xx_rcc.o(i.RCC_GetClocksFreq)
    RCC_GetFlagStatus                        0x08000a31   Thumb Code    60  stm32f4xx_rcc.o(i.RCC_GetFlagStatus)
    RCC_GetSYSCLKSource                      0x08000a71   Thumb Code    10  stm32f4xx_rcc.o(i.RCC_GetSYSCLKSource)
    RCC_HCLKConfig                           0x08000a81   Thumb Code    18  stm32f4xx_rcc.o(i.RCC_HCLKConfig)
    RCC_HSEConfig                            0x08000a99   Thumb Code    12  stm32f4xx_rcc.o(i.RCC_HSEConfig)
    RCC_PCLK1Config                          0x08000aa9   Thumb Code    18  stm32f4xx_rcc.o(i.RCC_PCLK1Config)
    RCC_PCLK2Config                          0x08000ac1   Thumb Code    20  stm32f4xx_rcc.o(i.RCC_PCLK2Config)
    RCC_PLLCmd                               0x08000ad9   Thumb Code     6  stm32f4xx_rcc.o(i.RCC_PLLCmd)
    RCC_PLLConfig                            0x08000ae5   Thumb Code    30  stm32f4xx_rcc.o(i.RCC_PLLConfig)
    RCC_SYSCLKConfig                         0x08000b09   Thumb Code    18  stm32f4xx_rcc.o(i.RCC_SYSCLKConfig)
    RCC_WaitForHSEStartUp                    0x08000b21   Thumb Code    56  stm32f4xx_rcc.o(i.RCC_WaitForHSEStartUp)
    SysTick_Handler                          0x08000c45   Thumb Code     8  board.o(i.SysTick_Handler)
    SystemClock_Config                       0x08000c4d   Thumb Code   148  main.o(i.SystemClock_Config)
    SystemInit                               0x08000ced   Thumb Code    88  system_stm32f4xx.o(i.SystemInit)
    USART1_IRQHandler                        0x08000d6f   Thumb Code     2  bsp_usart.o(i.USART1_IRQHandler)
    USART_ClearFlag                          0x08000d71   Thumb Code    18  stm32f4xx_usart.o(i.USART_ClearFlag)
    USART_Cmd                                0x08000d83   Thumb Code    24  stm32f4xx_usart.o(i.USART_Cmd)
    USART_GetFlagStatus                      0x08000d9b   Thumb Code    26  stm32f4xx_usart.o(i.USART_GetFlagStatus)
    USART_ITConfig                           0x08000db5   Thumb Code    74  stm32f4xx_usart.o(i.USART_ITConfig)
    USART_Init                               0x08000e01   Thumb Code   204  stm32f4xx_usart.o(i.USART_Init)
    USART_SendData                           0x08000ed5   Thumb Code     8  stm32f4xx_usart.o(i.USART_SendData)
    UsageFault_Handler                       0x08000edd   Thumb Code     4  stm32f4xx_it.o(i.UsageFault_Handler)
    __rt_ffs                                 0x08000ee1   Thumb Code    70  kservice.o(i.__rt_ffs)
    __scatterload_copy                       0x08000f2d   Thumb Code    14  handlers.o(i.__scatterload_copy)
    __scatterload_null                       0x08000f3b   Thumb Code     2  handlers.o(i.__scatterload_null)
    __scatterload_zeroinit                   0x08000f3d   Thumb Code    14  handlers.o(i.__scatterload_zeroinit)
    bsp_beed_gpio_init                       0x0800104d   Thumb Code    60  bsp_gpio.o(i.bsp_beed_gpio_init)
    bsp_key_gpio_init                        0x0800108d   Thumb Code    82  bsp_gpio.o(i.bsp_key_gpio_init)
    bsp_led_gpio_init                        0x080010e5   Thumb Code   100  bsp_gpio.o(i.bsp_led_gpio_init)
    bsp_usart1_init                          0x08001151   Thumb Code   184  bsp_usart.o(i.bsp_usart1_init)
    $Super$$main                             0x08001211   Thumb Code    10  main.o(i.main)
    main_thread_entry                        0x0800121b   Thumb Code    14  components.o(i.main_thread_entry)
    rt_application_init                      0x08001439   Thumb Code    34  components.o(i.rt_application_init)
    rt_components_board_init                 0x08001469   Thumb Code    20  components.o(i.rt_components_board_init)
    rt_components_init                       0x08001485   Thumb Code    20  components.o(i.rt_components_init)
    rt_enter_critical                        0x080014a1   Thumb Code    28  scheduler.o(i.rt_enter_critical)
    rt_exit_critical                         0x080014c1   Thumb Code    60  scheduler.o(i.rt_exit_critical)
    rt_free                                  0x08001505   Thumb Code   128  mem.o(i.rt_free)
    rt_heap_begin_get                        0x080015e5   Thumb Code     4  board.o(i.rt_heap_begin_get)
    rt_heap_end_get                          0x080015ed   Thumb Code     4  board.o(i.rt_heap_end_get)
    rt_hw_board_init                         0x080015f5   Thumb Code   134  board.o(i.rt_hw_board_init)
    rt_hw_console_output                     0x08001689   Thumb Code    74  board.o(i.rt_hw_console_output)
    rt_hw_hard_fault_exception               0x080016d9   Thumb Code   212  cpuport.o(i.rt_hw_hard_fault_exception)
    rt_hw_stack_init                         0x080018fd   Thumb Code    74  cpuport.o(i.rt_hw_stack_init)
    rt_interrupt_enter                       0x0800194d   Thumb Code    26  irq.o(i.rt_interrupt_enter)
    rt_interrupt_leave                       0x0800196d   Thumb Code    26  irq.o(i.rt_interrupt_leave)
    rt_kprintf                               0x08001a21   Thumb Code    44  kservice.o(i.rt_kprintf)
    rt_malloc                                0x08001af1   Thumb Code   336  mem.o(i.rt_malloc)
    rt_memcpy                                0x08001c5d   Thumb Code   124  kservice.o(i.rt_memcpy)
    rt_memset                                0x08001cd9   Thumb Code    72  kservice.o(i.rt_memset)
    rt_mq_create                             0x08001d21   Thumb Code   136  ipc.o(i.rt_mq_create)
    rt_mq_recv                               0x08001da9   Thumb Code   290  ipc.o(i.rt_mq_recv)
    rt_mq_send                               0x08001ecb   Thumb Code    22  ipc.o(i.rt_mq_send)
    rt_mq_send_wait                          0x08001ee1   Thumb Code   300  ipc.o(i.rt_mq_send_wait)
    rt_object_allocate                       0x0800200d   Thumb Code    84  object.o(i.rt_object_allocate)
    rt_object_delete                         0x08002061   Thumb Code    36  object.o(i.rt_object_delete)
    rt_object_detach                         0x08002085   Thumb Code    30  object.o(i.rt_object_detach)
    rt_object_get_information                0x080020a5   Thumb Code    36  object.o(i.rt_object_get_information)
    rt_object_init                           0x080020cd   Thumb Code    86  object.o(i.rt_object_init)
    rt_object_is_systemobject                0x08002123   Thumb Code    18  object.o(i.rt_object_is_systemobject)
    rt_os_tick_callback                      0x08002135   Thumb Code    16  board.o(i.rt_os_tick_callback)
    rt_schedule                              0x08002145   Thumb Code   106  scheduler.o(i.rt_schedule)
    rt_schedule_insert_thread                0x080021c9   Thumb Code    72  scheduler.o(i.rt_schedule_insert_thread)
    rt_schedule_remove_thread                0x08002219   Thumb Code    76  scheduler.o(i.rt_schedule_remove_thread)
    rt_sem_init                              0x0800226d   Thumb Code    38  ipc.o(i.rt_sem_init)
    rt_sem_release                           0x08002293   Thumb Code    82  ipc.o(i.rt_sem_release)
    rt_sem_take                              0x080022e5   Thumb Code   116  ipc.o(i.rt_sem_take)
    rt_show_version                          0x08002359   Thumb Code    38  kservice.o(i.rt_show_version)
    rt_strncpy                               0x08002409   Thumb Code    52  kservice.o(i.rt_strncpy)
    rt_system_heap_init                      0x0800243d   Thumb Code   160  mem.o(i.rt_system_heap_init)
    rt_system_scheduler_init                 0x08002535   Thumb Code    52  scheduler.o(i.rt_system_scheduler_init)
    rt_system_scheduler_start                0x08002581   Thumb Code    36  scheduler.o(i.rt_system_scheduler_start)
    rt_system_timer_init                     0x080025b1   Thumb Code    24  timer.o(i.rt_system_timer_init)
    rt_system_timer_thread_init              0x080025cd   Thumb Code     2  timer.o(i.rt_system_timer_thread_init)
    rt_thread_create                         0x080025cf   Thumb Code    80  thread.o(i.rt_thread_create)
    rt_thread_delay                          0x0800261f   Thumb Code    12  thread.o(i.rt_thread_delay)
    rt_thread_exit                           0x0800262d   Thumb Code    78  thread.o(i.rt_thread_exit)
    rt_thread_idle_excute                    0x0800268d   Thumb Code    92  idle.o(i.rt_thread_idle_excute)
    rt_thread_idle_init                      0x080026ed   Thumb Code    38  idle.o(i.rt_thread_idle_init)
    rt_thread_init                           0x08002729   Thumb Code    52  thread.o(i.rt_thread_init)
    rt_thread_resume                         0x0800275d   Thumb Code    60  thread.o(i.rt_thread_resume)
    rt_thread_self                           0x08002799   Thumb Code     6  thread.o(i.rt_thread_self)
    rt_thread_sleep                          0x080027a5   Thumb Code    62  thread.o(i.rt_thread_sleep)
    rt_thread_startup                        0x080027e9   Thumb Code    44  thread.o(i.rt_thread_startup)
    rt_thread_suspend                        0x08002815   Thumb Code    68  thread.o(i.rt_thread_suspend)
    rt_thread_timeout                        0x08002859   Thumb Code    32  thread.o(i.rt_thread_timeout)
    rt_thread_yield                          0x08002879   Thumb Code    92  thread.o(i.rt_thread_yield)
    rt_tick_get                              0x080028dd   Thumb Code     6  clock.o(i.rt_tick_get)
    rt_tick_increase                         0x080028e9   Thumb Code    42  clock.o(i.rt_tick_increase)
    rt_timer_check                           0x08002919   Thumb Code   160  timer.o(i.rt_timer_check)
    rt_timer_control                         0x080029bd   Thumb Code    98  timer.o(i.rt_timer_control)
    rt_timer_detach                          0x08002a1f   Thumb Code    40  timer.o(i.rt_timer_detach)
    rt_timer_init                            0x08002a47   Thumb Code    46  timer.o(i.rt_timer_init)
    rt_timer_start                           0x08002a75   Thumb Code   226  timer.o(i.rt_timer_start)
    rt_timer_stop                            0x08002b61   Thumb Code    48  timer.o(i.rt_timer_stop)
    rt_vsnprintf                             0x08002b91   Thumb Code   824  kservice.o(i.rt_vsnprintf)
    rtthread_startup                         0x08002ee1   Thumb Code    42  components.o(i.rtthread_startup)
    task_appled_creat                        0x08002f31   Thumb Code    78  app_led.o(i.task_appled_creat)
    __lowest_bit_bitmap                      0x08003004   Data         256  kservice.o(.constdata)
    __rt_init_rti_start                      0x08003128   Data           4  components.o(.rti_fn.0)
    __rt_init_rti_board_start                0x0800312c   Data           4  components.o(.rti_fn.0.end)
    __rt_init_uart_init                      0x08003130   Data           4  board.o(.rti_fn.1)
    __rt_init_rti_board_end                  0x08003134   Data           4  components.o(.rti_fn.1.end)
    __rt_init_rti_end                        0x08003138   Data           4  components.o(.rti_fn.6.end)
    Region$$Table$$Base                      0x0800313c   Number         0  anon$$obj.o(Region$$Table)
    Region$$Table$$Limit                     0x0800315c   Number         0  anon$$obj.o(Region$$Table)
    SystemCoreClock                          0x20000000   Data           4  system_stm32f4xx.o(.data)
    AHBPrescTable                            0x20000004   Data          16  system_stm32f4xx.o(.data)
    rt_interrupt_nest                        0x20000034   Data           1  irq.o(.data)
    rt_thread_ready_priority_group           0x200000a0   Data           4  scheduler.o(.data)
    rt_current_thread                        0x200000a8   Data           4  scheduler.o(.data)
    rt_current_priority                      0x200000ac   Data           1  scheduler.o(.data)
    rt_thread_defunct                        0x200000b0   Data           8  scheduler.o(.data)
    rt_interrupt_from_thread                 0x200000c4   Data           4  cpuport.o(.data)
    rt_interrupt_to_thread                   0x200000c8   Data           4  cpuport.o(.data)
    rt_thread_switch_interrupt_flag          0x200000cc   Data           4  cpuport.o(.data)
    rt_thread_priority_table                 0x200008d4   Data         256  scheduler.o(.bss)
    __initial_sp                             0x200049d8   Data           0  startup_stm32f40_41xxx.o(STACK)



==============================================================================

Memory Map of the image

  Image Entry point : 0x08000189

  Load Region LR_IROM1 (Base: 0x08000000, Size: 0x00003230, Max: 0x00100000, ABSOLUTE)

    Execution Region ER_IROM1 (Exec base: 0x08000000, Load base: 0x08000000, Size: 0x0000315c, Max: 0x00100000, ABSOLUTE)

    Exec Addr    Load Addr    Size         Type   Attr      Idx    E Section Name        Object

    0x08000000   0x08000000   0x00000188   Data   RO            3    RESET               startup_stm32f40_41xxx.o
    0x08000188   0x08000188   0x00000000   Code   RO         2248  * .ARM.Collect$$$$00000000  mc_w.l(entry.o)
    0x08000188   0x08000188   0x00000004   Code   RO         2251    .ARM.Collect$$$$00000001  mc_w.l(entry2.o)
    0x0800018c   0x0800018c   0x00000004   Code   RO         2254    .ARM.Collect$$$$00000004  mc_w.l(entry5.o)
    0x08000190   0x08000190   0x00000000   Code   RO         2256    .ARM.Collect$$$$00000008  mc_w.l(entry7b.o)
    0x08000190   0x08000190   0x00000000   Code   RO         2258    .ARM.Collect$$$$0000000A  mc_w.l(entry8b.o)
    0x08000190   0x08000190   0x00000008   Code   RO         2259    .ARM.Collect$$$$0000000B  mc_w.l(entry9a.o)
    0x08000198   0x08000198   0x00000004   Code   RO         2266    .ARM.Collect$$$$0000000E  mc_w.l(entry12b.o)
    0x0800019c   0x0800019c   0x00000000   Code   RO         2261    .ARM.Collect$$$$0000000F  mc_w.l(entry10a.o)
    0x0800019c   0x0800019c   0x00000000   Code   RO         2263    .ARM.Collect$$$$00000011  mc_w.l(entry11a.o)
    0x0800019c   0x0800019c   0x00000004   Code   RO         2252    .ARM.Collect$$$$00002712  mc_w.l(entry2.o)
    0x080001a0   0x080001a0   0x00000024   Code   RO            4    .text               startup_stm32f40_41xxx.o
    0x080001c4   0x080001c4   0x00000134   Code   RO         2178    .text               context_rvds.o
    0x080002f8   0x080002f8   0x00000024   Code   RO         2267    .text               mc_w.l(init.o)
    0x0800031c   0x0800031c   0x0000000a   Code   RO         1166    i.$Sub$$main        components.o
    0x08000326   0x08000326   0x00000002   PAD
    0x08000328   0x08000328   0x000000fc   Code   RO         1070    i.AppLed_Blokelight  app_led.o
    0x08000424   0x08000424   0x000001f0   Code   RO         1035    i.AppTest_CreateTestTask  app_test.o
    0x08000614   0x08000614   0x00000088   Code   RO         1036    i.AppTest_MqRec     app_test.o
    0x0800069c   0x0800069c   0x000000cc   Code   RO         1037    i.AppTest_MqSend    app_test.o
    0x08000768   0x08000768   0x00000004   Code   RO          818    i.BusFault_Handler  stm32f4xx_it.o
    0x0800076c   0x0800076c   0x00000002   Code   RO          819    i.DebugMon_Handler  stm32f4xx_it.o
    0x0800076e   0x0800076e   0x00000090   Code   RO          533    i.GPIO_Init         stm32f4xx_gpio.o
    0x080007fe   0x080007fe   0x00000046   Code   RO          534    i.GPIO_PinAFConfig  stm32f4xx_gpio.o
    0x08000844   0x08000844   0x00000012   Code   RO          537    i.GPIO_ReadInputDataBit  stm32f4xx_gpio.o
    0x08000856   0x08000856   0x00000004   Code   RO          540    i.GPIO_ResetBits    stm32f4xx_gpio.o
    0x0800085a   0x0800085a   0x00000004   Code   RO          541    i.GPIO_SetBits      stm32f4xx_gpio.o
    0x0800085e   0x0800085e   0x00000018   Code   RO          865    i.McuDrive_Init     main.o
    0x08000876   0x08000876   0x00000004   Code   RO          820    i.MemManage_Handler  stm32f4xx_it.o
    0x0800087a   0x0800087a   0x00000002   Code   RO          821    i.NMI_Handler       stm32f4xx_it.o
    0x0800087c   0x0800087c   0x00000078   Code   RO          488    i.NVIC_Init         misc.o
    0x080008f4   0x080008f4   0x00000014   Code   RO          489    i.NVIC_PriorityGroupConfig  misc.o
    0x08000908   0x08000908   0x00000020   Code   RO          150    i.RCC_AHB1PeriphClockCmd  stm32f4xx_rcc.o
    0x08000928   0x08000928   0x00000020   Code   RO          162    i.RCC_APB2PeriphClockCmd  stm32f4xx_rcc.o
    0x08000948   0x08000948   0x000000e8   Code   RO          171    i.RCC_GetClocksFreq  stm32f4xx_rcc.o
    0x08000a30   0x08000a30   0x00000040   Code   RO          172    i.RCC_GetFlagStatus  stm32f4xx_rcc.o
    0x08000a70   0x08000a70   0x00000010   Code   RO          174    i.RCC_GetSYSCLKSource  stm32f4xx_rcc.o
    0x08000a80   0x08000a80   0x00000018   Code   RO          175    i.RCC_HCLKConfig    stm32f4xx_rcc.o
    0x08000a98   0x08000a98   0x00000010   Code   RO          176    i.RCC_HSEConfig     stm32f4xx_rcc.o
    0x08000aa8   0x08000aa8   0x00000018   Code   RO          186    i.RCC_PCLK1Config   stm32f4xx_rcc.o
    0x08000ac0   0x08000ac0   0x00000018   Code   RO          187    i.RCC_PCLK2Config   stm32f4xx_rcc.o
    0x08000ad8   0x08000ad8   0x0000000c   Code   RO          188    i.RCC_PLLCmd        stm32f4xx_rcc.o
    0x08000ae4   0x08000ae4   0x00000024   Code   RO          189    i.RCC_PLLConfig     stm32f4xx_rcc.o
    0x08000b08   0x08000b08   0x00000018   Code   RO          200    i.RCC_SYSCLKConfig  stm32f4xx_rcc.o
    0x08000b20   0x08000b20   0x00000038   Code   RO          202    i.RCC_WaitForHSEStartUp  stm32f4xx_rcc.o
    0x08000b58   0x08000b58   0x000000ec   Code   RO           12    i.SetSysClock       system_stm32f4xx.o
    0x08000c44   0x08000c44   0x00000008   Code   RO         2184    i.SysTick_Handler   board.o
    0x08000c4c   0x08000c4c   0x000000a0   Code   RO          866    i.SystemClock_Config  main.o
    0x08000cec   0x08000cec   0x00000068   Code   RO           14    i.SystemInit        system_stm32f4xx.o
    0x08000d54   0x08000d54   0x0000001a   Code   RO          867    i.Task_Creat        main.o
    0x08000d6e   0x08000d6e   0x00000002   Code   RO         1003    i.USART1_IRQHandler  bsp_usart.o
    0x08000d70   0x08000d70   0x00000012   Code   RO          630    i.USART_ClearFlag   stm32f4xx_usart.o
    0x08000d82   0x08000d82   0x00000018   Code   RO          634    i.USART_Cmd         stm32f4xx_usart.o
    0x08000d9a   0x08000d9a   0x0000001a   Code   RO          637    i.USART_GetFlagStatus  stm32f4xx_usart.o
    0x08000db4   0x08000db4   0x0000004a   Code   RO          640    i.USART_ITConfig    stm32f4xx_usart.o
    0x08000dfe   0x08000dfe   0x00000002   PAD
    0x08000e00   0x08000e00   0x000000d4   Code   RO          641    i.USART_Init        stm32f4xx_usart.o
    0x08000ed4   0x08000ed4   0x00000008   Code   RO          651    i.USART_SendData    stm32f4xx_usart.o
    0x08000edc   0x08000edc   0x00000004   Code   RO          822    i.UsageFault_Handler  stm32f4xx_it.o
    0x08000ee0   0x08000ee0   0x0000004c   Code   RO         1496    i.__rt_ffs          kservice.o
    0x08000f2c   0x08000f2c   0x0000000e   Code   RO         2271    i.__scatterload_copy  mc_w.l(handlers.o)
    0x08000f3a   0x08000f3a   0x00000002   Code   RO         2272    i.__scatterload_null  mc_w.l(handlers.o)
    0x08000f3c   0x08000f3c   0x0000000e   Code   RO         2273    i.__scatterload_zeroinit  mc_w.l(handlers.o)
    0x08000f4a   0x08000f4a   0x00000002   PAD
    0x08000f4c   0x08000f4c   0x00000084   Code   RO         1895    i._rt_thread_init   thread.o
    0x08000fd0   0x08000fd0   0x00000042   Code   RO         2027    i._rt_timer_init    timer.o
    0x08001012   0x08001012   0x0000001c   Code   RO         2028    i._rt_timer_remove  timer.o
    0x0800102e   0x0800102e   0x0000001c   Code   RO         1896    i._thread_cleanup_execute  thread.o
    0x0800104a   0x0800104a   0x00000002   PAD
    0x0800104c   0x0800104c   0x00000040   Code   RO          971    i.bsp_beed_gpio_init  bsp_gpio.o
    0x0800108c   0x0800108c   0x00000058   Code   RO          972    i.bsp_key_gpio_init  bsp_gpio.o
    0x080010e4   0x080010e4   0x0000006c   Code   RO          973    i.bsp_led_gpio_init  bsp_gpio.o
    0x08001150   0x08001150   0x000000c0   Code   RO         1005    i.bsp_usart1_init   bsp_usart.o
    0x08001210   0x08001210   0x0000000a   Code   RO          868    i.main              main.o
    0x0800121a   0x0800121a   0x0000000e   Code   RO         1167    i.main_thread_entry  components.o
    0x08001228   0x08001228   0x00000078   Code   RO         1673    i.plug_holes        mem.o
    0x080012a0   0x080012a0   0x00000198   Code   RO         1498    i.print_number      kservice.o
    0x08001438   0x08001438   0x00000030   Code   RO         1168    i.rt_application_init  components.o
    0x08001468   0x08001468   0x0000001c   Code   RO         1169    i.rt_components_board_init  components.o
    0x08001484   0x08001484   0x0000001c   Code   RO         1170    i.rt_components_init  components.o
    0x080014a0   0x080014a0   0x00000020   Code   RO         1823    i.rt_enter_critical  scheduler.o
    0x080014c0   0x080014c0   0x00000044   Code   RO         1824    i.rt_exit_critical  scheduler.o
    0x08001504   0x08001504   0x000000e0   Code   RO         1675    i.rt_free           mem.o
    0x080015e4   0x080015e4   0x00000008   Code   RO         2185    i.rt_heap_begin_get  board.o
    0x080015ec   0x080015ec   0x00000008   Code   RO         2186    i.rt_heap_end_get   board.o
    0x080015f4   0x080015f4   0x00000094   Code   RO         2187    i.rt_hw_board_init  board.o
    0x08001688   0x08001688   0x00000050   Code   RO         2188    i.rt_hw_console_output  board.o
    0x080016d8   0x080016d8   0x00000224   Code   RO         2142    i.rt_hw_hard_fault_exception  cpuport.o
    0x080018fc   0x080018fc   0x00000050   Code   RO         2143    i.rt_hw_stack_init  cpuport.o
    0x0800194c   0x0800194c   0x00000020   Code   RO         1469    i.rt_interrupt_enter  irq.o
    0x0800196c   0x0800196c   0x00000020   Code   RO         1471    i.rt_interrupt_leave  irq.o
    0x0800198c   0x0800198c   0x00000014   Code   RO         1275    i.rt_ipc_list_resume  ipc.o
    0x080019a0   0x080019a0   0x0000006e   Code   RO         1277    i.rt_ipc_list_suspend  ipc.o
    0x08001a0e   0x08001a0e   0x00000010   Code   RO         1278    i.rt_ipc_object_init  ipc.o
    0x08001a1e   0x08001a1e   0x00000002   PAD
    0x08001a20   0x08001a20   0x00000030   Code   RO         1502    i.rt_kprintf        kservice.o
    0x08001a50   0x08001a50   0x00000006   Code   RO         1279    i.rt_list_init      ipc.o
    0x08001a56   0x08001a56   0x00000006   Code   RO         1825    i.rt_list_init      scheduler.o
    0x08001a5c   0x08001a5c   0x00000006   Code   RO         2029    i.rt_list_init      timer.o
    0x08001a62   0x08001a62   0x0000000e   Code   RO         1735    i.rt_list_insert_after  object.o
    0x08001a70   0x08001a70   0x0000000e   Code   RO         1897    i.rt_list_insert_after  thread.o
    0x08001a7e   0x08001a7e   0x0000000e   Code   RO         2030    i.rt_list_insert_after  timer.o
    0x08001a8c   0x08001a8c   0x0000000e   Code   RO         1280    i.rt_list_insert_before  ipc.o
    0x08001a9a   0x08001a9a   0x00000010   Code   RO         1281    i.rt_list_isempty   ipc.o
    0x08001aaa   0x08001aaa   0x00000010   Code   RO         2031    i.rt_list_isempty   timer.o
    0x08001aba   0x08001aba   0x00000012   Code   RO         1736    i.rt_list_remove    object.o
    0x08001acc   0x08001acc   0x00000012   Code   RO         1898    i.rt_list_remove    thread.o
    0x08001ade   0x08001ade   0x00000012   Code   RO         2032    i.rt_list_remove    timer.o
    0x08001af0   0x08001af0   0x0000016c   Code   RO         1676    i.rt_malloc         mem.o
    0x08001c5c   0x08001c5c   0x0000007c   Code   RO         1506    i.rt_memcpy         kservice.o
    0x08001cd8   0x08001cd8   0x00000048   Code   RO         1508    i.rt_memset         kservice.o
    0x08001d20   0x08001d20   0x00000088   Code   RO         1291    i.rt_mq_create      ipc.o
    0x08001da8   0x08001da8   0x00000122   Code   RO         1295    i.rt_mq_recv        ipc.o
    0x08001eca   0x08001eca   0x00000016   Code   RO         1296    i.rt_mq_send        ipc.o
    0x08001ee0   0x08001ee0   0x0000012c   Code   RO         1297    i.rt_mq_send_wait   ipc.o
    0x0800200c   0x0800200c   0x00000054   Code   RO         1737    i.rt_object_allocate  object.o
    0x08002060   0x08002060   0x00000024   Code   RO         1738    i.rt_object_delete  object.o
    0x08002084   0x08002084   0x0000001e   Code   RO         1739    i.rt_object_detach  object.o
    0x080020a2   0x080020a2   0x00000002   PAD
    0x080020a4   0x080020a4   0x00000028   Code   RO         1741    i.rt_object_get_information  object.o
    0x080020cc   0x080020cc   0x00000056   Code   RO         1745    i.rt_object_init    object.o
    0x08002122   0x08002122   0x00000012   Code   RO         1746    i.rt_object_is_systemobject  object.o
    0x08002134   0x08002134   0x00000010   Code   RO         2189    i.rt_os_tick_callback  board.o
    0x08002144   0x08002144   0x00000084   Code   RO         1826    i.rt_schedule       scheduler.o
    0x080021c8   0x080021c8   0x00000050   Code   RO         1827    i.rt_schedule_insert_thread  scheduler.o
    0x08002218   0x08002218   0x00000054   Code   RO         1828    i.rt_schedule_remove_thread  scheduler.o
    0x0800226c   0x0800226c   0x00000026   Code   RO         1303    i.rt_sem_init       ipc.o
    0x08002292   0x08002292   0x00000052   Code   RO         1304    i.rt_sem_release    ipc.o
    0x080022e4   0x080022e4   0x00000074   Code   RO         1305    i.rt_sem_take       ipc.o
    0x08002358   0x08002358   0x000000b0   Code   RO         1510    i.rt_show_version   kservice.o
    0x08002408   0x08002408   0x00000034   Code   RO         1518    i.rt_strncpy        kservice.o
    0x0800243c   0x0800243c   0x000000f8   Code   RO         1679    i.rt_system_heap_init  mem.o
    0x08002534   0x08002534   0x0000004c   Code   RO         1829    i.rt_system_scheduler_init  scheduler.o
    0x08002580   0x08002580   0x00000030   Code   RO         1830    i.rt_system_scheduler_start  scheduler.o
    0x080025b0   0x080025b0   0x0000001c   Code   RO         2033    i.rt_system_timer_init  timer.o
    0x080025cc   0x080025cc   0x00000002   Code   RO         2034    i.rt_system_timer_thread_init  timer.o
    0x080025ce   0x080025ce   0x00000050   Code   RO         1900    i.rt_thread_create  thread.o
    0x0800261e   0x0800261e   0x0000000c   Code   RO         1901    i.rt_thread_delay   thread.o
    0x0800262a   0x0800262a   0x00000002   PAD
    0x0800262c   0x0800262c   0x00000058   Code   RO         1905    i.rt_thread_exit    thread.o
    0x08002684   0x08002684   0x00000008   Code   RO         1240    i.rt_thread_idle_entry  idle.o
    0x0800268c   0x0800268c   0x00000060   Code   RO         1241    i.rt_thread_idle_excute  idle.o
    0x080026ec   0x080026ec   0x0000003c   Code   RO         1243    i.rt_thread_idle_init  idle.o
    0x08002728   0x08002728   0x00000034   Code   RO         1907    i.rt_thread_init    thread.o
    0x0800275c   0x0800275c   0x0000003c   Code   RO         1909    i.rt_thread_resume  thread.o
    0x08002798   0x08002798   0x0000000c   Code   RO         1910    i.rt_thread_self    thread.o
    0x080027a4   0x080027a4   0x00000044   Code   RO         1911    i.rt_thread_sleep   thread.o
    0x080027e8   0x080027e8   0x0000002c   Code   RO         1912    i.rt_thread_startup  thread.o
    0x08002814   0x08002814   0x00000044   Code   RO         1913    i.rt_thread_suspend  thread.o
    0x08002858   0x08002858   0x00000020   Code   RO         1914    i.rt_thread_timeout  thread.o
    0x08002878   0x08002878   0x00000064   Code   RO         1915    i.rt_thread_yield   thread.o
    0x080028dc   0x080028dc   0x0000000c   Code   RO         1127    i.rt_tick_get       clock.o
    0x080028e8   0x080028e8   0x00000030   Code   RO         1128    i.rt_tick_increase  clock.o
    0x08002918   0x08002918   0x000000a4   Code   RO         2035    i.rt_timer_check    timer.o
    0x080029bc   0x080029bc   0x00000062   Code   RO         2036    i.rt_timer_control  timer.o
    0x08002a1e   0x08002a1e   0x00000028   Code   RO         2039    i.rt_timer_detach   timer.o
    0x08002a46   0x08002a46   0x0000002e   Code   RO         2040    i.rt_timer_init     timer.o
    0x08002a74   0x08002a74   0x000000ec   Code   RO         2043    i.rt_timer_start    timer.o
    0x08002b60   0x08002b60   0x00000030   Code   RO         2044    i.rt_timer_stop     timer.o
    0x08002b90   0x08002b90   0x00000340   Code   RO         1521    i.rt_vsnprintf      kservice.o
    0x08002ed0   0x08002ed0   0x00000004   Code   RO         1171    i.rti_board_end     components.o
    0x08002ed4   0x08002ed4   0x00000004   Code   RO         1172    i.rti_board_start   components.o
    0x08002ed8   0x08002ed8   0x00000004   Code   RO         1173    i.rti_end           components.o
    0x08002edc   0x08002edc   0x00000004   Code   RO         1174    i.rti_start         components.o
    0x08002ee0   0x08002ee0   0x0000002a   Code   RO         1175    i.rtthread_startup  components.o
    0x08002f0a   0x08002f0a   0x00000026   Code   RO         1523    i.skip_atoi         kservice.o
    0x08002f30   0x08002f30   0x000000d0   Code   RO         1071    i.task_appled_creat  app_led.o
    0x08003000   0x08003000   0x00000004   Code   RO         2190    i.uart_init         board.o
    0x08003004   0x08003004   0x00000122   Data   RO         1525    .constdata          kservice.o
    0x08003126   0x08003126   0x00000002   PAD
    0x08003128   0x08003128   0x00000004   Data   RO         1176    .rti_fn.0           components.o
    0x0800312c   0x0800312c   0x00000004   Data   RO         1177    .rti_fn.0.end       components.o
    0x08003130   0x08003130   0x00000004   Data   RO         2192    .rti_fn.1           board.o
    0x08003134   0x08003134   0x00000004   Data   RO         1178    .rti_fn.1.end       components.o
    0x08003138   0x08003138   0x00000004   Data   RO         1179    .rti_fn.6.end       components.o
    0x0800313c   0x0800313c   0x00000020   Data   RO         2269    Region$$Table       anon$$obj.o


    Execution Region RW_IRAM2 (Exec base: 0x10000000, Load base: 0x08003230, Size: 0x00000000, Max: 0x00010000, ABSOLUTE)

    **** No section assigned to this execution region ****


    Execution Region RW_IRAM1 (Exec base: 0x20000000, Load base: 0x0800315c, Size: 0x000049d8, Max: 0x00020000, ABSOLUTE)

    Exec Addr    Load Addr    Size         Type   Attr      Idx    E Section Name        Object

    0x20000000   0x0800315c   0x00000014   Data   RW           15    .data               system_stm32f4xx.o
    0x20000014   0x08003170   0x00000010   Data   RW          203    .data               stm32f4xx_rcc.o
    0x20000024   0x08003180   0x00000008   Data   RW         1039    .data               app_test.o
    0x2000002c   0x08003188   0x00000002   Data   RW         1073    .data               app_led.o
    0x2000002e   0x0800318a   0x00000002   PAD
    0x20000030   0x0800318c   0x00000004   Data   RW         1130    .data               clock.o
    0x20000034   0x08003190   0x00000001   Data   RW         1472    .data               irq.o
    0x20000035   0x08003191   0x00000003   PAD
    0x20000038   0x08003194   0x00000018   Data   RW         1681    .data               mem.o
    0x20000050   0x080031ac   0x00000050   Data   RW         1748    .data               object.o
    0x200000a0   0x080031fc   0x00000018   Data   RW         1832    .data               scheduler.o
    0x200000b8   0x08003214   0x0000000c   Data   RW         2045    .data               timer.o
    0x200000c4   0x08003220   0x00000010   Data   RW         2144    .data               cpuport.o
    0x200000d4        -       0x000002f0   Zero   RW         1038    .bss                app_test.o
    0x200003c4        -       0x00000278   Zero   RW         1072    .bss                app_led.o
    0x2000063c        -       0x00000178   Zero   RW         1244    .bss                idle.o
    0x200007b4        -       0x00000100   Zero   RW         1524    .bss                kservice.o
    0x200008b4        -       0x00000020   Zero   RW         1680    .bss                mem.o
    0x200008d4        -       0x00000100   Zero   RW         1831    .bss                scheduler.o
    0x200009d4        -       0x00003c00   Zero   RW         2191    .bss                board.o
    0x200045d4   0x08003230   0x00000004   PAD
    0x200045d8        -       0x00000400   Zero   RW            1    STACK               startup_stm32f40_41xxx.o


==============================================================================

Image component sizes


      Code (inc. data)   RO Data    RW Data    ZI Data      Debug   Object Name

       460        176          0          2        632       1876   app_led.o
       836        462          0          8        752       2590   app_test.o
       272         28          4          0      15360      30689   board.o
       260         18          0          0          0       1661   bsp_gpio.o
       194          8          0          0          0       1210   bsp_usart.o
        60         12          0          4          0       1149   clock.o
       186         30         16          0          0       5716   components.o
       308         28          0          0          0        816   context_rvds.o
       628        342          0         16          0       4062   cpuport.o
       164         26          0          0        376       4934   idle.o
      1166          0          0          0          0      12008   ipc.o
        64         12          0          1          0       1486   irq.o
      1826        164        290          0        256       8996   kservice.o
       220         12          0          0          0       8904   main.o
       956        224          0         24         32       3800   mem.o
       140         24          0          0          0       1707   misc.o
       326          4          0         80          0       8116   object.o
       526         90          0         24        256       8266   scheduler.o
        36          8        392          0       1024        876   startup_stm32f40_41xxx.o
       240          0          0          0          0       3827   stm32f4xx_gpio.o
        16          0          0          0          0       2269   stm32f4xx_it.o
       592         78          0         16          0      10585   stm32f4xx_rcc.o
       362          8          0          0          0       5055   stm32f4xx_usart.o
       340         32          0         20          0     263889   system_stm32f4xx.o
       808         38          0          0          0      12231   thread.o
       810         24          0         12          0      11420   timer.o

    ----------------------------------------------------------------------
     11808       1848        736        212      18692     418138   Object Totals
         0          0         32          0          0          0   (incl. Generated)
        12          0          2          5          4          0   (incl. Padding)

    ----------------------------------------------------------------------

      Code (inc. data)   RO Data    RW Data    ZI Data      Debug   Library Member Name

         0          0          0          0          0          0   entry.o
         0          0          0          0          0          0   entry10a.o
         0          0          0          0          0          0   entry11a.o
         4          0          0          0          0          0   entry12b.o
         8          4          0          0          0          0   entry2.o
         4          0          0          0          0          0   entry5.o
         0          0          0          0          0          0   entry7b.o
         0          0          0          0          0          0   entry8b.o
         8          4          0          0          0          0   entry9a.o
        30          0          0          0          0          0   handlers.o
        36          8          0          0          0         68   init.o

    ----------------------------------------------------------------------
        92         16          0          0          0         68   Library Totals
         2          0          0          0          0          0   (incl. Padding)

    ----------------------------------------------------------------------

      Code (inc. data)   RO Data    RW Data    ZI Data      Debug   Library Name

        90         16          0          0          0         68   mc_w.l

    ----------------------------------------------------------------------
        92         16          0          0          0         68   Library Totals

    ----------------------------------------------------------------------

==============================================================================


      Code (inc. data)   RO Data    RW Data    ZI Data      Debug   

     11900       1864        736        212      18692     404510   Grand Totals
     11900       1864        736        212      18692     404510   ELF Image Totals
     11900       1864        736        212          0          0   ROM Totals

==============================================================================

    Total RO  Size (Code + RO Data)                12636 (  12.34kB)
    Total RW  Size (RW Data + ZI Data)             18904 (  18.46kB)
    Total ROM Size (Code + RO Data + RW Data)      12848 (  12.55kB)

==============================================================================

